Component: ARM Compiler 5.06 update 6 (build 750) Tool: armlink [4d35ed]

==============================================================================

Section Cross References

    startup_stm32f407xx.o(STACK) refers (Special) to heapauxi.o(.text) for __use_two_region_memory
    startup_stm32f407xx.o(HEAP) refers (Special) to heapauxi.o(.text) for __use_two_region_memory
    startup_stm32f407xx.o(RESET) refers (Special) to heapauxi.o(.text) for __use_two_region_memory
    startup_stm32f407xx.o(RESET) refers to startup_stm32f407xx.o(STACK) for __initial_sp
    startup_stm32f407xx.o(RESET) refers to startup_stm32f407xx.o(.text) for Reset_Handler
    startup_stm32f407xx.o(RESET) refers to stm32f4xx_it.o(i.NMI_Handler) for NMI_Handler
    startup_stm32f407xx.o(RESET) refers to stm32f4xx_it.o(i.HardFault_Handler) for HardFault_Handler
    startup_stm32f407xx.o(RESET) refers to stm32f4xx_it.o(i.MemManage_Handler) for MemManage_Handler
    startup_stm32f407xx.o(RESET) refers to stm32f4xx_it.o(i.BusFault_Handler) for BusFault_Handler
    startup_stm32f407xx.o(RESET) refers to stm32f4xx_it.o(i.UsageFault_Handler) for UsageFault_Handler
    startup_stm32f407xx.o(RESET) refers to stm32f4xx_it.o(i.SVC_Handler) for SVC_Handler
    startup_stm32f407xx.o(RESET) refers to stm32f4xx_it.o(i.DebugMon_Handler) for DebugMon_Handler
    startup_stm32f407xx.o(RESET) refers to stm32f4xx_it.o(i.PendSV_Handler) for PendSV_Handler
    startup_stm32f407xx.o(RESET) refers to stm32f4xx_it.o(i.SysTick_Handler) for SysTick_Handler
    startup_stm32f407xx.o(RESET) refers to stm32f4xx_it.o(i.EXTI3_IRQHandler) for EXTI3_IRQHandler
    startup_stm32f407xx.o(RESET) refers to stm32f4xx_it.o(i.TIM1_BRK_TIM9_IRQHandler) for TIM1_BRK_TIM9_IRQHandler
    startup_stm32f407xx.o(RESET) refers to stm32f4xx_it.o(i.TIM1_UP_TIM10_IRQHandler) for TIM1_UP_TIM10_IRQHandler
    startup_stm32f407xx.o(RESET) refers to stm32f4xx_it.o(i.SPI3_IRQHandler) for SPI3_IRQHandler
    startup_stm32f407xx.o(.text) refers (Special) to heapauxi.o(.text) for __use_two_region_memory
    startup_stm32f407xx.o(.text) refers to system_stm32f4xx.o(i.SystemInit) for SystemInit
    startup_stm32f407xx.o(.text) refers to __main.o(!!!main) for __main
    startup_stm32f407xx.o(.text) refers to startup_stm32f407xx.o(HEAP) for Heap_Mem
    startup_stm32f407xx.o(.text) refers to startup_stm32f407xx.o(STACK) for Stack_Mem
    system_stm32f4xx.o(i.SystemCoreClockUpdate) refers to system_stm32f4xx.o(.data) for SystemCoreClock
    system_stm32f4xx.o(i.SystemCoreClockUpdate) refers to system_stm32f4xx.o(.constdata) for AHBPrescTable
    stm32f4xx_hal_tim_ex.o(i.HAL_TIMEx_ConfigCommutationEvent_DMA) refers to stm32f4xx_hal_tim_ex.o(i.TIMEx_DMACommutationCplt) for TIMEx_DMACommutationCplt
    stm32f4xx_hal_tim_ex.o(i.HAL_TIMEx_ConfigCommutationEvent_DMA) refers to stm32f4xx_hal_tim.o(i.TIM_DMAError) for TIM_DMAError
    stm32f4xx_hal_tim_ex.o(i.HAL_TIMEx_HallSensor_DeInit) refers to stm32f4xx_hal_tim_ex.o(i.HAL_TIMEx_HallSensor_MspDeInit) for HAL_TIMEx_HallSensor_MspDeInit
    stm32f4xx_hal_tim_ex.o(i.HAL_TIMEx_HallSensor_Init) refers to stm32f4xx_hal_tim_ex.o(i.HAL_TIMEx_HallSensor_MspInit) for HAL_TIMEx_HallSensor_MspInit
    stm32f4xx_hal_tim_ex.o(i.HAL_TIMEx_HallSensor_Init) refers to stm32f4xx_hal_tim.o(i.TIM_Base_SetConfig) for TIM_Base_SetConfig
    stm32f4xx_hal_tim_ex.o(i.HAL_TIMEx_HallSensor_Init) refers to stm32f4xx_hal_tim.o(i.TIM_TI1_SetConfig) for TIM_TI1_SetConfig
    stm32f4xx_hal_tim_ex.o(i.HAL_TIMEx_HallSensor_Init) refers to stm32f4xx_hal_tim.o(i.TIM_OC2_SetConfig) for TIM_OC2_SetConfig
    stm32f4xx_hal_tim_ex.o(i.HAL_TIMEx_HallSensor_Start) refers to stm32f4xx_hal_tim.o(i.TIM_CCxChannelCmd) for TIM_CCxChannelCmd
    stm32f4xx_hal_tim_ex.o(i.HAL_TIMEx_HallSensor_Start_DMA) refers to stm32f4xx_hal_tim.o(i.TIM_CCxChannelCmd) for TIM_CCxChannelCmd
    stm32f4xx_hal_tim_ex.o(i.HAL_TIMEx_HallSensor_Start_DMA) refers to stm32f4xx_hal_dma.o(i.HAL_DMA_Start_IT) for HAL_DMA_Start_IT
    stm32f4xx_hal_tim_ex.o(i.HAL_TIMEx_HallSensor_Start_DMA) refers to stm32f4xx_hal_tim.o(i.TIM_DMACaptureCplt) for TIM_DMACaptureCplt
    stm32f4xx_hal_tim_ex.o(i.HAL_TIMEx_HallSensor_Start_DMA) refers to stm32f4xx_hal_tim.o(i.TIM_DMAError) for TIM_DMAError
    stm32f4xx_hal_tim_ex.o(i.HAL_TIMEx_HallSensor_Start_IT) refers to stm32f4xx_hal_tim.o(i.TIM_CCxChannelCmd) for TIM_CCxChannelCmd
    stm32f4xx_hal_tim_ex.o(i.HAL_TIMEx_HallSensor_Stop) refers to stm32f4xx_hal_tim.o(i.TIM_CCxChannelCmd) for TIM_CCxChannelCmd
    stm32f4xx_hal_tim_ex.o(i.HAL_TIMEx_HallSensor_Stop_DMA) refers to stm32f4xx_hal_tim.o(i.TIM_CCxChannelCmd) for TIM_CCxChannelCmd
    stm32f4xx_hal_tim_ex.o(i.HAL_TIMEx_HallSensor_Stop_IT) refers to stm32f4xx_hal_tim.o(i.TIM_CCxChannelCmd) for TIM_CCxChannelCmd
    stm32f4xx_hal_tim_ex.o(i.HAL_TIMEx_OCN_Start) refers to stm32f4xx_hal_tim_ex.o(i.TIM_CCxNChannelCmd) for TIM_CCxNChannelCmd
[...]
    ../clib/signal.c                         0x00000000   Number         0  __raise.o ABSOLUTE
    ../clib/signal.c                         0x00000000   Number         0  defsig_fpe_inner.o ABSOLUTE
    ../clib/signal.c                         0x00000000   Number         0  defsig_fpe_outer.o ABSOLUTE
    ../clib/signal.c                         0x00000000   Number         0  defsig_fpe_formal.o ABSOLUTE
    ../clib/signal.c                         0x00000000   Number         0  defsig_exit.o ABSOLUTE
    ../clib/signal.s                         0x00000000   Number         0  defsig.o ABSOLUTE
    ../clib/stdlib.c                         0x00000000   Number         0  exit.o ABSOLUTE
    ../fplib/fpinit.s                        0x00000000   Number         0  fpinit.o ABSOLUTE
    ..\Drivers\STM32F4xx_HAL_Driver\Src\stm32f4xx_hal.c 0x00000000   Number         0  stm32f4xx_hal.o ABSOLUTE
    ..\Drivers\STM32F4xx_HAL_Driver\Src\stm32f4xx_hal_cortex.c 0x00000000   Number         0  stm32f4xx_hal_cortex.o ABSOLUTE
    ..\Drivers\STM32F4xx_HAL_Driver\Src\stm32f4xx_hal_dma.c 0x00000000   Number         0  stm32f4xx_hal_dma.o ABSOLUTE
    ..\Drivers\STM32F4xx_HAL_Driver\Src\stm32f4xx_hal_dma_ex.c 0x00000000   Number         0  stm32f4xx_hal_dma_ex.o ABSOLUTE
    ..\Drivers\STM32F4xx_HAL_Driver\Src\stm32f4xx_hal_flash.c 0x00000000   Number         0  stm32f4xx_hal_flash.o ABSOLUTE
    ..\Drivers\STM32F4xx_HAL_Driver\Src\stm32f4xx_hal_flash_ex.c 0x00000000   Number         0  stm32f4xx_hal_flash_ex.o ABSOLUTE
    ..\Drivers\STM32F4xx_HAL_Driver\Src\stm32f4xx_hal_flash_ramfunc.c 0x00000000   Number         0  stm32f4xx_hal_flash_ramfunc.o ABSOLUTE
    ..\Drivers\STM32F4xx_HAL_Driver\Src\stm32f4xx_hal_gpio.c 0x00000000   Number         0  stm32f4xx_hal_gpio.o ABSOLUTE
    ..\Drivers\STM32F4xx_HAL_Driver\Src\stm32f4xx_hal_i2c.c 0x00000000   Number         0  stm32f4xx_hal_i2c.o ABSOLUTE
    ..\Drivers\STM32F4xx_HAL_Driver\Src\stm32f4xx_hal_i2c_ex.c 0x00000000   Number         0  stm32f4xx_hal_i2c_ex.o ABSOLUTE
    ..\Drivers\STM32F4xx_HAL_Driver\Src\stm32f4xx_hal_pwr.c 0x00000000   Number         0  stm32f4xx_hal_pwr.o ABSOLUTE
    ..\Drivers\STM32F4xx_HAL_Driver\Src\stm32f4xx_hal_pwr_ex.c 0x00000000   Number         0  stm32f4xx_hal_pwr_ex.o ABSOLUTE
    ..\Drivers\STM32F4xx_HAL_Driver\Src\stm32f4xx_hal_rcc.c 0x00000000   Number         0  stm32f4xx_hal_rcc.o ABSOLUTE
    ..\Drivers\STM32F4xx_HAL_Driver\Src\stm32f4xx_hal_rcc_ex.c 0x00000000   Number         0  stm32f4xx_hal_rcc_ex.o ABSOLUTE
    ..\Drivers\STM32F4xx_HAL_Driver\Src\stm32f4xx_hal_rtc.c 0x00000000   Number         0  stm32f4xx_hal_rtc.o ABSOLUTE
    ..\Drivers\STM32F4xx_HAL_Driver\Src\stm32f4xx_hal_rtc_ex.c 0x00000000   Number         0  stm32f4xx_hal_rtc_ex.o ABSOLUTE
    ..\Drivers\STM32F4xx_HAL_Driver\Src\stm32f4xx_hal_spi.c 0x00000000   Number         0  stm32f4xx_hal_spi.o ABSOLUTE
    ..\Drivers\STM32F4xx_HAL_Driver\Src\stm32f4xx_hal_sram.c 0x00000000   Number         0  stm32f4xx_hal_sram.o ABSOLUTE
    ..\Drivers\STM32F4xx_HAL_Driver\Src\stm32f4xx_hal_tim.c 0x00000000   Number         0  stm32f4xx_hal_tim.o ABSOLUTE
    ..\Drivers\STM32F4xx_HAL_Driver\Src\stm32f4xx_hal_tim_ex.c 0x00000000   Number         0  stm32f4xx_hal_tim_ex.o ABSOLUTE
    ..\Drivers\STM32F4xx_HAL_Driver\Src\stm32f4xx_hal_uart.c 0x00000000   Number         0  stm32f4xx_hal_uart.o ABSOLUTE
    ..\Drivers\STM32F4xx_HAL_Driver\Src\stm32f4xx_ll_fsmc.c 0x00000000   Number         0  stm32f4xx_ll_fsmc.o ABSOLUTE
    ..\Src\font_arial_16x16_bold.c           0x00000000   Number         0  font_arial_16x16_bold.o ABSOLUTE
    ..\Src\font_arial_16x16_italic.c         0x00000000   Number         0  font_arial_16x16_italic.o ABSOLUTE
    ..\Src\font_arial_16x16_normal.c         0x00000000   Number         0  font_arial_16x16_normal.o ABSOLUTE
    ..\Src\font_arial_16x24_round.c          0x00000000   Number         0  font_arial_16x24_round.o ABSOLUTE
    ..\Src\font_arial_32x50_num.c            0x00000000   Number         0  font_arial_32x50_num.o ABSOLUTE
    ..\Src\font_barcode_post_40x20_num.c     0x00000000   Number         0  font_barcode_post_40x20_num.o ABSOLUTE
    ..\Src\font_barcode_rm4scc_16x16.c       0x00000000   Number         0  font_barcode_rm4scc_16x16.o ABSOLUTE
    ..\Src\font_battery_24x48.c              0x00000000   Number         0  font_battery_24x48.o ABSOLUTE
    ..\Src\font_calibri_32x48_bold_num.c     0x00000000   Number         0  font_calibri_32x48_bold_num.o ABSOLUTE
    ..\Src\font_default_16x16.c              0x00000000   Number         0  font_default_16x16.o ABSOLUTE
    ..\Src\font_default_8x12.c               0x00000000   Number         0  font_default_8x12.o ABSOLUTE
    ..\Src\font_dingbats1_32x24.c            0x00000000   Number         0  font_dingbats1_32x24.o ABSOLUTE
    ..\Src\font_franklingothic_16x16.c       0x00000000   Number         0  font_franklingothic_16x16.o ABSOLUTE
    ..\Src\font_hallfetica_16x16.c           0x00000000   Number         0  font_hallfetica_16x16.o ABSOLUTE
    ..\Src\font_inconsola_24x32.c            0x00000000   Number         0  font_inconsola_24x32.o ABSOLUTE
    ..\Src\font_matrix_16x22.c               0x00000000   Number         0  font_matrix_16x22.o ABSOLUTE
    ..\Src\font_matrix_16x22_slash.c         0x00000000   Number         0  font_matrix_16x22_slash.o ABSOLUTE
    ..\Src\font_matrix_24x29_num.c           0x00000000   Number         0  font_matrix_24x29_num.o ABSOLUTE
    ..\Src\font_matrix_32x50_num.c           0x00000000   Number         0  font_matrix_32x50_num.o ABSOLUTE
    ..\Src\font_myke_8x9.c                   0x00000000   Number         0  font_myke_8x9.o ABSOLUTE
    ..\Src\font_nadianne_16x16.c             0x00000000   Number         0  font_nadianne_16x16.o ABSOLUTE
    ..\Src\font_ocr_16x24.c                  0x00000000   Number         0  font_ocr_16x24.o ABSOLUTE
    ..\Src\font_retro_16x32.c                0x00000000   Number         0  font_retro_16x32.o ABSOLUTE
    ..\Src\font_retro_8x16.c                 0x00000000   Number         0  font_retro_8x16.o ABSOLUTE
    ..\Src\font_segment_eighteen_32x52.c     0x00000000   Number         0  font_segment_eighteen_32x52.o ABSOLUTE
    ..\Src\font_segment_seven_32x50_num.c    0x00000000   Number         0  font_segment_seven_32x50_num.o ABSOLUTE
    ..\Src\font_segment_seven_64x100_num.c   0x00000000   Number         0  font_segment_seven_64x100_num.o ABSOLUTE
    ..\Src\font_segment_seven_96x144_num.c   0x00000000   Number         0  font_segment_seven_96x144_num.o ABSOLUTE
    ..\Src\font_segment_sixteen_128x192_num.c 0x00000000   Number         0  font_segment_sixteen_128x192_num.o ABSOLUTE
    ..\Src\font_segment_sixteen_16x24.c      0x00000000   Number         0  font_segment_sixteen_16x24.o ABSOLUTE
    ..\Src\font_segment_sixteen_24x36.c      0x00000000   Number         0  font_segment_sixteen_24x36.o ABSOLUTE
    ..\Src\font_segment_sixteen_32x48.c      0x00000000   Number         0  font_segment_sixteen_32x48.o ABSOLUTE
    ..\Src\font_segment_sixteen_32x50.c      0x00000000   Number         0  font_segment_sixteen_32x50.o ABSOLUTE
    ..\Src\font_segment_sixteen_40x60.c      0x00000000   Number         0  font_segment_sixteen_40x60.o ABSOLUTE
    ..\Src\font_segment_sixteen_48x72_num.c  0x00000000   Number         0  font_segment_sixteen_48x72_num.o ABSOLUTE
    ..\Src\font_segment_sixteen_64x96_num.c  0x00000000   Number         0  font_segment_sixteen_64x96_num.o ABSOLUTE
    ..\Src\font_segment_sixteen_96x144_num.c 0x00000000   Number         0  font_segment_sixteen_96x144_num.o ABSOLUTE
    ..\Src\font_sinclair_16x16.c             0x00000000   Number         0  font_sinclair_16x16.o ABSOLUTE
    ..\Src\font_sinclair_16x16_inverted.c    0x00000000   Number         0  font_sinclair_16x16_inverted.o ABSOLUTE
    ..\Src\font_sinclair_8x8.c               0x00000000   Number         0  font_sinclair_8x8.o ABSOLUTE
    ..\Src\font_sinclair_8x8_inverted.c      0x00000000   Number         0  font_sinclair_8x8_inverted.o ABSOLUTE
    ..\Src\font_swiss_16x16.c                0x00000000   Number         0  font_swiss_16x16.o ABSOLUTE
    ..\Src\font_symbols_16x16.c              0x00000000   Number         0  font_symbols_16x16.o ABSOLUTE
    ..\Src\font_symbols_16x32_1.c            0x00000000   Number         0  font_symbols_16x32_1.o ABSOLUTE
    ..\Src\font_symbols_16x32_2.c            0x00000000   Number         0  font_symbols_16x32_2.o ABSOLUTE
    ..\Src\font_symbols_32x32.c              0x00000000   Number         0  font_symbols_32x32.o ABSOLUTE
    ..\Src\font_tiny_8x8.c                   0x00000000   Number         0  font_tiny_8x8.o ABSOLUTE
    ..\Src\font_ubuntu_24x32.c               0x00000000   Number         0  font_ubuntu_24x32.o ABSOLUTE
    ..\Src\font_ubuntu_24x32_bold.c          0x00000000   Number         0  font_ubuntu_24x32_bold.o ABSOLUTE
    ..\Src\main.c                            0x00000000   Number         0  main.o ABSOLUTE
    ..\Src\ssd1963_fsmc.c                    0x00000000   Number         0  ssd1963_fsmc.o ABSOLUTE
    ..\Src\stm32f4xx_hal_msp.c               0x00000000   Number         0  stm32f4xx_hal_msp.o ABSOLUTE
    ..\Src\stm32f4xx_it.c                    0x00000000   Number         0  stm32f4xx_it.o ABSOLUTE
    ..\Src\system_stm32f4xx.c                0x00000000   Number         0  system_stm32f4xx.o ABSOLUTE
    ..\Src\xpt2046.c                         0x00000000   Number         0  xpt2046.o ABSOLUTE
    ..\\Src\\ssd1963_fsmc.c                  0x00000000   Number         0  ssd1963_fsmc.o ABSOLUTE
    ..\\Src\\xpt2046.c                       0x00000000   Number         0  xpt2046.o ABSOLUTE
    dc.s                                     0x00000000   Number         0  dc.o ABSOLUTE
    startup_stm32f407xx.s                    0x00000000   Number         0  startup_stm32f407xx.o ABSOLUTE
    RESET                                    0x08000000   Section      392  startup_stm32f407xx.o(RESET)
    !!!main                                  0x08000188   Section        8  __main.o(!!!main)
    !!!scatter                               0x08000190   Section       52  __scatter.o(!!!scatter)
    !!handler_copy                           0x080001c4   Section       26  __scatter_copy.o(!!handler_copy)
    !!handler_zi                             0x080001e0   Section       28  __scatter_zi.o(!!handler_zi)
    .ARM.Collect$$libinit$$00000000          0x080001fc   Section        2  libinit.o(.ARM.Collect$$libinit$$00000000)
    .ARM.Collect$$libinit$$00000001          0x080001fe   Section        4  libinit2.o(.ARM.Collect$$libinit$$00000001)
    .ARM.Collect$$libinit$$00000004          0x08000202   Section        0  libinit2.o(.ARM.Collect$$libinit$$00000004)
    .ARM.Collect$$libinit$$0000000A          0x08000202   Section        0  libinit2.o(.ARM.Collect$$libinit$$0000000A)
    .ARM.Collect$$libinit$$0000000C          0x08000202   Section        0  libinit2.o(.ARM.Collect$$libinit$$0000000C)
    .ARM.Collect$$libinit$$0000000E          0x08000202   Section        0  libinit2.o(.ARM.Collect$$libinit$$0000000E)
    .ARM.Collect$$libinit$$00000011          0x08000202   Section        0  libinit2.o(.ARM.Collect$$libinit$$00000011)
    .ARM.Collect$$libinit$$00000013          0x08000202   Section        0  libinit2.o(.ARM.Collect$$libinit$$00000013)
    .ARM.Collect$$libinit$$00000015          0x08000202   Section        0  libinit2.o(.ARM.Collect$$libinit$$00000015)
    .ARM.Collect$$libinit$$00000017          0x08000202   Section        0  libinit2.o(.ARM.Collect$$libinit$$00000017)
    .ARM.Collect$$libinit$$00000019          0x08000202   Section        0  libinit2.o(.ARM.Collect$$libinit$$00000019)
    .ARM.Collect$$libinit$$0000001B          0x08000202   Section        0  libinit2.o(.ARM.Collect$$libinit$$0000001B)
    .ARM.Collect$$libinit$$0000001D          0x08000202   Section        0  libinit2.o(.ARM.Collect$$libinit$$0000001D)
    .ARM.Collect$$libinit$$0000001F          0x08000202   Section        0  libinit2.o(.ARM.Collect$$libinit$$0000001F)
    .ARM.Collect$$libinit$$00000021          0x08000202   Section        0  libinit2.o(.ARM.Collect$$libinit$$00000021)
    .ARM.Collect$$libinit$$00000023          0x08000202   Section        0  libinit2.o(.ARM.Collect$$libinit$$00000023)
    .ARM.Collect$$libinit$$00000025          0x08000202   Section        0  libinit2.o(.ARM.Collect$$libinit$$00000025)
    .ARM.Collect$$libinit$$0000002C          0x08000202   Section        0  libinit2.o(.ARM.Collect$$libinit$$0000002C)
    .ARM.Collect$$libinit$$0000002E          0x08000202   Section        0  libinit2.o(.ARM.Collect$$libinit$$0000002E)
    .ARM.Collect$$libinit$$00000030          0x08000202   Section        0  libinit2.o(.ARM.Collect$$libinit$$00000030)
    .ARM.Collect$$libinit$$00000032          0x08000202   Section        0  libinit2.o(.ARM.Collect$$libinit$$00000032)
    .ARM.Collect$$libinit$$00000033          0x08000202   Section        2  libinit2.o(.ARM.Collect$$libinit$$00000033)
    .ARM.Collect$$libshutdown$$00000000      0x08000204   Section        2  libshutdown.o(.ARM.Collect$$libshutdown$$00000000)
    .ARM.Collect$$libshutdown$$00000002      0x08000206   Section        0  libshutdown2.o(.ARM.Collect$$libshutdown$$00000002)
    .ARM.Collect$$libshutdown$$00000004      0x08000206   Section        0  libshutdown2.o(.ARM.Collect$$libshutdown$$00000004)
    .ARM.Collect$$libshutdown$$00000007      0x08000206   Section        0  libshutdown2.o(.ARM.Collect$$libshutdown$$00000007)
    .ARM.Collect$$libshutdown$$0000000A      0x08000206   Section        0  libshutdown2.o(.ARM.Collect$$libshutdown$$0000000A)
    .ARM.Collect$$libshutdown$$0000000C      0x08000206   Section        0  libshutdown2.o(.ARM.Collect$$libshutdown$$0000000C)
    .ARM.Collect$$libshutdown$$0000000F      0x08000206   Section        0  libshutdown2.o(.ARM.Collect$$libshutdown$$0000000F)
    .ARM.Collect$$libshutdown$$00000010      0x08000206   Section        2  libshutdown2.o(.ARM.Collect$$libshutdown$$00000010)
    .ARM.Collect$$rtentry$$00000000          0x08000208   Section        0  __rtentry.o(.ARM.Collect$$rtentry$$00000000)
    .ARM.Collect$$rtentry$$00000002          0x08000208   Section        0  __rtentry2.o(.ARM.Collect$$rtentry$$00000002)
    .ARM.Collect$$rtentry$$00000004          0x08000208   Section        6  __rtentry4.o(.ARM.Collect$$rtentry$$00000004)
    .ARM.Collect$$rtentry$$00000009          0x0800020e   Section        0  __rtentry2.o(.ARM.Collect$$rtentry$$00000009)
    .ARM.Collect$$rtentry$$0000000A          0x0800020e   Section        4  __rtentry2.o(.ARM.Collect$$rtentry$$0000000A)
    .ARM.Collect$$rtentry$$0000000C          0x08000212   Section        0  __rtentry2.o(.ARM.Collect$$rtentry$$0000000C)
    .ARM.Collect$$rtentry$$0000000D          0x08000212   Section        8  __rtentry2.o(.ARM.Collect$$rtentry$$0000000D)
    .ARM.Collect$$rtexit$$00000000           0x0800021a   Section        2  rtexit.o(.ARM.Collect$$rtexit$$00000000)
    .ARM.Collect$$rtexit$$00000002           0x0800021c   Section        0  rtexit2.o(.ARM.Collect$$rtexit$$00000002)
    .ARM.Collect$$rtexit$$00000003           0x0800021c   Section        4  rtexit2.o(.ARM.Collect$$rtexit$$00000003)
    .ARM.Collect$$rtexit$$00000004           0x08000220   Section        6  rtexit2.o(.ARM.Collect$$rtexit$$00000004)
    .text                                    0x08000228   Section       64  startup_stm32f407xx.o(.text)
    $v0                                      0x08000228   Number         0  startup_stm32f407xx.o(.text)
    .text                                    0x08000268   Section      238  lludivv7m.o(.text)
    .text                                    0x08000358   Section        0  noretval__2sprintf.o(.text)
    .text                                    0x08000380   Section        0  heapauxi.o(.text)
    .text                                    0x08000388   Section        0  _printf_char_common.o(.text)
    _printf_input_char                       0x08000389   Thumb Code    10  _printf_char_common.o(.text)
    .text                                    0x080003b8   Section        0  _sputc.o(.text)
    .text                                    0x080003c2   Section        0  __printf_nopercent.o(.text)
    .text                                    0x080003ea   Section       74  sys_stackheap_outer.o(.text)
    .text                                    0x08000434   Section        0  exit.o(.text)
    .text                                    0x08000448   Section        8  libspace.o(.text)
    .text                                    0x08000450   Section        0  sys_exit.o(.text)
    .text                                    0x0800045c   Section        2  use_no_semi.o(.text)
    .text                                    0x0800045e   Section        0  indicate_semi.o(.text)
    i.BusFault_Handler                       0x0800045e   Section        0  stm32f4xx_it.o(i.BusFault_Handler)
    i.DebugMon_Handler                       0x08000462   Section        0  stm32f4xx_it.o(i.DebugMon_Handler)
    i.EXTI3_IRQHandler                       0x08000464   Section        0  stm32f4xx_it.o(i.EXTI3_IRQHandler)
    i.FSMC_NORSRAM_Extended_Timing_Init      0x08000470   Section        0  stm32f4xx_ll_fsmc.o(i.FSMC_NORSRAM_Extended_Timing_Init)
    i.FSMC_NORSRAM_Init                      0x080004b8   Section        0  stm32f4xx_ll_fsmc.o(i.FSMC_NORSRAM_Init)
    i.FSMC_NORSRAM_Timing_Init               0x08000514   Section        0  stm32f4xx_ll_fsmc.o(i.FSMC_NORSRAM_Timing_Init)
    i.H24_RGB565_Reversed                    0x08000558   Section        0  ssd1963_fsmc.o(i.H24_RGB565_Reversed)
    H24_RGB565_Reversed                      0x08000559   Thumb Code    62  ssd1963_fsmc.o(i.H24_RGB565_Reversed)
    i.HAL_DMA_Abort_IT                       0x08000596   Section        0  stm32f4xx_hal_dma.o(i.HAL_DMA_Abort_IT)
    i.HAL_Delay                              0x080005c0   Section        0  stm32f4xx_hal.o(i.HAL_Delay)
    i.HAL_FSMC_MspInit                       0x080005e8   Section        0  stm32f4xx_hal_msp.o(i.HAL_FSMC_MspInit)
    HAL_FSMC_MspInit                         0x080005e9   Thumb Code   116  stm32f4xx_hal_msp.o(i.HAL_FSMC_MspInit)
    i.HAL_GPIO_EXTI_Callback                 0x0800066c   Section        0  main.o(i.HAL_GPIO_EXTI_Callback)
    i.HAL_GPIO_EXTI_IRQHandler               0x08000680   Section        0  stm32f4xx_hal_gpio.o(i.HAL_GPIO_EXTI_IRQHandler)
    i.HAL_GPIO_Init                          0x0800069c   Section        0  stm32f4xx_hal_gpio.o(i.HAL_GPIO_Init)
    i.HAL_GPIO_WritePin                      0x0800089c   Section        0  stm32f4xx_hal_gpio.o(i.HAL_GPIO_WritePin)
    i.HAL_GetTick                            0x080008a8   Section        0  stm32f4xx_hal.o(i.HAL_GetTick)
    i.HAL_I2C_Init                           0x080008b4   Section        0  stm32f4xx_hal_i2c.o(i.HAL_I2C_Init)
    i.HAL_I2C_MspInit                        0x080009dc   Section        0  stm32f4xx_hal_msp.o(i.HAL_I2C_MspInit)
    i.HAL_IncTick                            0x08000a80   Section        0  stm32f4xx_hal.o(i.HAL_IncTick)
    i.HAL_Init                               0x08000a98   Section        0  stm32f4xx_hal.o(i.HAL_Init)
    i.HAL_InitTick                           0x08000ad4   Section        0  stm32f4xx_hal.o(i.HAL_InitTick)
    i.HAL_MspInit                            0x08000b20   Section        0  stm32f4xx_hal_msp.o(i.HAL_MspInit)
    i.HAL_NVIC_EnableIRQ                     0x08000b76   Section        0  stm32f4xx_hal_cortex.o(i.HAL_NVIC_EnableIRQ)
    i.HAL_NVIC_SetPriority                   0x08000b90   Section        0  stm32f4xx_hal_cortex.o(i.HAL_NVIC_SetPriority)
    i.HAL_NVIC_SetPriorityGrouping           0x08000c0c   Section        0  stm32f4xx_hal_cortex.o(i.HAL_NVIC_SetPriorityGrouping)
    i.HAL_RCCEx_PeriphCLKConfig              0x08000c34   Section        0  stm32f4xx_hal_rcc_ex.o(i.HAL_RCCEx_PeriphCLKConfig)
    i.HAL_RCC_ClockConfig                    0x08000dd4   Section        0  stm32f4xx_hal_rcc.o(i.HAL_RCC_ClockConfig)
    i.HAL_RCC_GetHCLKFreq                    0x08000f54   Section        0  stm32f4xx_hal_rcc.o(i.HAL_RCC_GetHCLKFreq)
    i.HAL_RCC_GetPCLK1Freq                   0x08000f60   Section        0  stm32f4xx_hal_rcc.o(i.HAL_RCC_GetPCLK1Freq)
    i.HAL_RCC_GetPCLK2Freq                   0x08000f80   Section        0  stm32f4xx_hal_rcc.o(i.HAL_RCC_GetPCLK2Freq)
    i.HAL_RCC_GetSysClockFreq                0x08000fa0   Section        0  stm32f4xx_hal_rcc.o(i.HAL_RCC_GetSysClockFreq)
    i.HAL_RCC_MCOConfig                      0x08001050   Section        0  stm32f4xx_hal_rcc.o(i.HAL_RCC_MCOConfig)
    i.HAL_RCC_OscConfig                      0x08001110   Section        0  stm32f4xx_hal_rcc.o(i.HAL_RCC_OscConfig)
    i.HAL_RTC_Init                           0x08001558   Section        0  stm32f4xx_hal_rtc.o(i.HAL_RTC_Init)
    i.HAL_RTC_MspInit                        0x08001630   Section        0  stm32f4xx_hal_msp.o(i.HAL_RTC_MspInit)
    i.HAL_RTC_WaitForSynchro                 0x08001648   Section        0  stm32f4xx_hal_rtc.o(i.HAL_RTC_WaitForSynchro)
    i.HAL_SPI_ErrorCallback                  0x08001682   Section        0  stm32f4xx_hal_spi.o(i.HAL_SPI_ErrorCallback)
    i.HAL_SPI_IRQHandler                     0x08001684   Section        0  stm32f4xx_hal_spi.o(i.HAL_SPI_IRQHandler)
    i.HAL_SPI_Init                           0x080017bc   Section        0  stm32f4xx_hal_spi.o(i.HAL_SPI_Init)
    i.HAL_SPI_MspInit                        0x08001848   Section        0  stm32f4xx_hal_msp.o(i.HAL_SPI_MspInit)
    i.HAL_SPI_Transmit                       0x080018d8   Section        0  stm32f4xx_hal_spi.o(i.HAL_SPI_Transmit)
    i.HAL_SPI_TransmitReceive                0x08001a7e   Section        0  stm32f4xx_hal_spi.o(i.HAL_SPI_TransmitReceive)
    i.HAL_SRAM_Init                          0x08001c9c   Section        0  stm32f4xx_hal_sram.o(i.HAL_SRAM_Init)
    i.HAL_SRAM_MspInit                       0x08001cf4   Section        0  stm32f4xx_hal_msp.o(i.HAL_SRAM_MspInit)
    i.HAL_SYSTICK_CLKSourceConfig            0x08001cfe   Section        0  stm32f4xx_hal_cortex.o(i.HAL_SYSTICK_CLKSourceConfig)
    i.HAL_SYSTICK_Callback                   0x08001d26   Section        0  stm32f4xx_hal_cortex.o(i.HAL_SYSTICK_Callback)
    i.HAL_SYSTICK_Config                     0x08001d28   Section        0  stm32f4xx_hal_cortex.o(i.HAL_SYSTICK_Config)
    i.HAL_SYSTICK_IRQHandler                 0x08001d5c   Section        0  stm32f4xx_hal_cortex.o(i.HAL_SYSTICK_IRQHandler)
    i.HAL_TIMEx_BreakCallback                0x08001d64   Section        0  stm32f4xx_hal_tim_ex.o(i.HAL_TIMEx_BreakCallback)
    i.HAL_TIMEx_CommutationCallback          0x08001d66   Section        0  stm32f4xx_hal_tim_ex.o(i.HAL_TIMEx_CommutationCallback)
    i.HAL_TIMEx_MasterConfigSynchronization  0x08001d68   Section        0  stm32f4xx_hal_tim_ex.o(i.HAL_TIMEx_MasterConfigSynchronization)
    i.HAL_TIM_Base_Init                      0x08001dca   Section        0  stm32f4xx_hal_tim.o(i.HAL_TIM_Base_Init)
    i.HAL_TIM_Base_MspInit                   0x08001e00   Section        0  stm32f4xx_hal_msp.o(i.HAL_TIM_Base_MspInit)
    i.HAL_TIM_Base_Start                     0x08001e58   Section        0  stm32f4xx_hal_tim.o(i.HAL_TIM_Base_Start)
    i.HAL_TIM_Base_Start_IT                  0x08001e76   Section        0  stm32f4xx_hal_tim.o(i.HAL_TIM_Base_Start_IT)
    i.HAL_TIM_ConfigClockSource              0x08001e94   Section        0  stm32f4xx_hal_tim.o(i.HAL_TIM_ConfigClockSource)
    i.HAL_TIM_IC_CaptureCallback             0x08001fc6   Section        0  stm32f4xx_hal_tim.o(i.HAL_TIM_IC_CaptureCallback)
    i.HAL_TIM_IRQHandler                     0x08001fc8   Section        0  stm32f4xx_hal_tim.o(i.HAL_TIM_IRQHandler)
    i.HAL_TIM_OC_DelayElapsedCallback        0x0800215e   Section        0  stm32f4xx_hal_tim.o(i.HAL_TIM_OC_DelayElapsedCallback)
    i.HAL_TIM_PWM_PulseFinishedCallback      0x08002160   Section        0  stm32f4xx_hal_tim.o(i.HAL_TIM_PWM_PulseFinishedCallback)
    i.HAL_TIM_PeriodElapsedCallback          0x08002162   Section        0  stm32f4xx_hal_tim.o(i.HAL_TIM_PeriodElapsedCallback)
    i.HAL_TIM_TriggerCallback                0x08002164   Section        0  stm32f4xx_hal_tim.o(i.HAL_TIM_TriggerCallback)
    i.HAL_UART_Init                          0x08002166   Section        0  stm32f4xx_hal_uart.o(i.HAL_UART_Init)
    i.HAL_UART_MspInit                       0x080021d8   Section        0  stm32f4xx_hal_msp.o(i.HAL_UART_MspInit)
    i.HAL_UART_Transmit                      0x08002234   Section        0  stm32f4xx_hal_uart.o(i.HAL_UART_Transmit)
    i.HardFault_Handler                      0x0800230a   Section        0  stm32f4xx_it.o(i.HardFault_Handler)
    i.LCD_Command                            0x08002310   Section        0  ssd1963_fsmc.o(i.LCD_Command)
    LCD_Command                              0x08002311   Thumb Code     6  ssd1963_fsmc.o(i.LCD_Command)
    i.LCD_Data                               0x0800231c   Section        0  ssd1963_fsmc.o(i.LCD_Data)
    LCD_Data                                 0x0800231d   Thumb Code     6  ssd1963_fsmc.o(i.LCD_Data)
    i.LCD_Pixel                              0x08002328   Section        0  ssd1963_fsmc.o(i.LCD_Pixel)
    i.LCD_Position                           0x0800238c   Section        0  ssd1963_fsmc.o(i.LCD_Position)
    LCD_Position                             0x0800238d   Thumb Code    38  ssd1963_fsmc.o(i.LCD_Position)
    i.LCD_Rectangle_Fill                     0x080023b2   Section        0  ssd1963_fsmc.o(i.LCD_Rectangle_Fill)
    i.LCD_Set_X                              0x080023ee   Section        0  ssd1963_fsmc.o(i.LCD_Set_X)
    LCD_Set_X                                0x080023ef   Thumb Code    38  ssd1963_fsmc.o(i.LCD_Set_X)
    i.LCD_Set_Y                              0x08002414   Section        0  ssd1963_fsmc.o(i.LCD_Set_Y)
    LCD_Set_Y                                0x08002415   Thumb Code    38  ssd1963_fsmc.o(i.LCD_Set_Y)
    i.LCD_String_Font                        0x0800243a   Section        0  ssd1963_fsmc.o(i.LCD_String_Font)
    i.LCD_Work_Area                          0x0800260e   Section        0  ssd1963_fsmc.o(i.LCD_Work_Area)
    LCD_Work_Area                            0x0800260f   Thumb Code    46  ssd1963_fsmc.o(i.LCD_Work_Area)
    i.MX_FSMC_Init                           0x0800263c   Section        0  main.o(i.MX_FSMC_Init)
    MX_FSMC_Init                             0x0800263d   Thumb Code   112  main.o(i.MX_FSMC_Init)
    i.MX_GPIO_Init                           0x080026c4   Section        0  main.o(i.MX_GPIO_Init)
    MX_GPIO_Init                             0x080026c5   Thumb Code   388  main.o(i.MX_GPIO_Init)
    i.MX_I2C1_Init                           0x08002864   Section        0  main.o(i.MX_I2C1_Init)
    MX_I2C1_Init                             0x08002865   Thumb Code    52  main.o(i.MX_I2C1_Init)
    i.MX_I2C2_Init                           0x080028b4   Section        0  main.o(i.MX_I2C2_Init)
    MX_I2C2_Init                             0x080028b5   Thumb Code    54  main.o(i.MX_I2C2_Init)
    i.MX_RTC_Init                            0x08002908   Section        0  main.o(i.MX_RTC_Init)
    MX_RTC_Init                              0x08002909   Thumb Code    48  main.o(i.MX_RTC_Init)
    i.MX_SPI3_Init                           0x08002950   Section        0  main.o(i.MX_SPI3_Init)
    MX_SPI3_Init                             0x08002951   Thumb Code    66  main.o(i.MX_SPI3_Init)
    i.MX_TIM1_Init                           0x080029ac   Section        0  main.o(i.MX_TIM1_Init)
    MX_TIM1_Init                             0x080029ad   Thumb Code   106  main.o(i.MX_TIM1_Init)
    i.MX_USART1_UART_Init                    0x08002a30   Section        0  main.o(i.MX_USART1_UART_Init)
    MX_USART1_UART_Init                      0x08002a31   Thumb Code    52  main.o(i.MX_USART1_UART_Init)
    i.MemManage_Handler                      0x08002a7c   Section        0  stm32f4xx_it.o(i.MemManage_Handler)
    i.NMI_Handler                            0x08002a80   Section        0  stm32f4xx_it.o(i.NMI_Handler)
    i.NVIC_GetPriorityGrouping               0x08002a84   Section        0  stm32f4xx_hal_cortex.o(i.NVIC_GetPriorityGrouping)
    NVIC_GetPriorityGrouping                 0x08002a85   Thumb Code    10  stm32f4xx_hal_cortex.o(i.NVIC_GetPriorityGrouping)
    i.NVIC_SetPriority                       0x08002a94   Section        0  stm32f4xx_hal_cortex.o(i.NVIC_SetPriority)
    NVIC_SetPriority                         0x08002a95   Thumb Code    32  stm32f4xx_hal_cortex.o(i.NVIC_SetPriority)
    i.PendSV_Handler                         0x08002abc   Section        0  stm32f4xx_it.o(i.PendSV_Handler)
    i.RTC_EnterInitMode                      0x08002abe   Section        0  stm32f4xx_hal_rtc.o(i.RTC_EnterInitMode)
    i.SPI3_IRQHandler                        0x08002afc   Section        0  stm32f4xx_it.o(i.SPI3_IRQHandler)
    i.SPI_CheckFlag_BSY                      0x08002b0c   Section        0  stm32f4xx_hal_spi.o(i.SPI_CheckFlag_BSY)
    SPI_CheckFlag_BSY                        0x08002b0d   Thumb Code    40  stm32f4xx_hal_spi.o(i.SPI_CheckFlag_BSY)
    i.SPI_DMAAbortOnError                    0x08002b34   Section        0  stm32f4xx_hal_spi.o(i.SPI_DMAAbortOnError)
    SPI_DMAAbortOnError                      0x08002b35   Thumb Code    20  stm32f4xx_hal_spi.o(i.SPI_DMAAbortOnError)
    i.SPI_WaitFlagStateUntilTimeout          0x08002b48   Section        0  stm32f4xx_hal_spi.o(i.SPI_WaitFlagStateUntilTimeout)
    SPI_WaitFlagStateUntilTimeout            0x08002b49   Thumb Code   170  stm32f4xx_hal_spi.o(i.SPI_WaitFlagStateUntilTimeout)
    i.SSD1963_Bright                         0x08002bf2   Section        0  ssd1963_fsmc.o(i.SSD1963_Bright)
    i.SSD1963_Init                           0x08002c10   Section        0  ssd1963_fsmc.o(i.SSD1963_Init)
    i.SSD1963_Test                           0x08002d54   Section        0  ssd1963_fsmc.o(i.SSD1963_Test)
    i.SVC_Handler                            0x08002df4   Section        0  stm32f4xx_it.o(i.SVC_Handler)
    i.SysTick_Handler                        0x08002df6   Section        0  stm32f4xx_it.o(i.SysTick_Handler)
    i.SystemClock_Config                     0x08002e04   Section        0  main.o(i.SystemClock_Config)
    i.SystemInit                             0x08002f0c   Section        0  system_stm32f4xx.o(i.SystemInit)
    i.TIM1_BRK_TIM9_IRQHandler               0x08002f70   Section        0  stm32f4xx_it.o(i.TIM1_BRK_TIM9_IRQHandler)
    i.TIM1_UP_TIM10_IRQHandler               0x08002f94   Section        0  stm32f4xx_it.o(i.TIM1_UP_TIM10_IRQHandler)
    i.TIM_Base_SetConfig                     0x08002fb8   Section        0  stm32f4xx_hal_tim.o(i.TIM_Base_SetConfig)
    i.TIM_ETR_SetConfig                      0x0800309c   Section        0  stm32f4xx_hal_tim.o(i.TIM_ETR_SetConfig)
    TIM_ETR_SetConfig                        0x0800309d   Thumb Code    24  stm32f4xx_hal_tim.o(i.TIM_ETR_SetConfig)
    i.TIM_ITRx_SetConfig                     0x080030b4   Section        0  stm32f4xx_hal_tim.o(i.TIM_ITRx_SetConfig)
    TIM_ITRx_SetConfig                       0x080030b5   Thumb Code    20  stm32f4xx_hal_tim.o(i.TIM_ITRx_SetConfig)
    i.TIM_TI1_ConfigInputStage               0x080030c8   Section        0  stm32f4xx_hal_tim.o(i.TIM_TI1_ConfigInputStage)
    TIM_TI1_ConfigInputStage                 0x080030c9   Thumb Code    42  stm32f4xx_hal_tim.o(i.TIM_TI1_ConfigInputStage)
    i.TIM_TI2_ConfigInputStage               0x080030f2   Section        0  stm32f4xx_hal_tim.o(i.TIM_TI2_ConfigInputStage)
    TIM_TI2_ConfigInputStage                 0x080030f3   Thumb Code    44  stm32f4xx_hal_tim.o(i.TIM_TI2_ConfigInputStage)
    i.UART_SetConfig                         0x08003120   Section        0  stm32f4xx_hal_uart.o(i.UART_SetConfig)
    UART_SetConfig                           0x08003121   Thumb Code   864  stm32f4xx_hal_uart.o(i.UART_SetConfig)
    i.UART_WaitOnFlagUntilTimeout            0x08003488   Section        0  stm32f4xx_hal_uart.o(i.UART_WaitOnFlagUntilTimeout)
    UART_WaitOnFlagUntilTimeout              0x08003489   Thumb Code   108  stm32f4xx_hal_uart.o(i.UART_WaitOnFlagUntilTimeout)
    i.UsageFault_Handler                     0x080034f4   Section        0  stm32f4xx_it.o(i.UsageFault_Handler)
    i.XPT2046_Init                           0x080034f8   Section        0  xpt2046.o(i.XPT2046_Init)
    i._Error_Handler                         0x0800352c   Section        0  main.o(i._Error_Handler)
    i.getRaw                                 0x08003530   Section        0  xpt2046.o(i.getRaw)
    i.getX                                   0x08003588   Section        0  xpt2046.o(i.getX)
    i.getY                                   0x080035a8   Section        0  xpt2046.o(i.getY)
    i.main                                   0x080035c8   Section        0  main.o(i.main)
    i.map                                    0x080036d4   Section        0  xpt2046.o(i.map)
    x$fpl$fpinit                             0x080036ec   Section       10  fpinit.o(x$fpl$fpinit)
    $v0                                      0x080036ec   Number         0  fpinit.o(x$fpl$fpinit)
    .constdata                               0x080036f6   Section       24  system_stm32f4xx.o(.constdata)
    .constdata                               0x0800370e   Section    17283  font_segment_seven_96x144_num.o(.constdata)
    .data                                    0x20000000   Section        4  system_stm32f4xx.o(.data)
    .data                                    0x20000004   Section        9  stm32f4xx_hal.o(.data)
    .data                                    0x20000010   Section        8  stm32f4xx_hal_msp.o(.data)
    FSMC_Initialized                         0x20000010   Data           4  stm32f4xx_hal_msp.o(.data)
    FSMC_DeInitialized                       0x20000014   Data           4  stm32f4xx_hal_msp.o(.data)
    .data                                    0x20000018   Section       16  main.o(.data)
    .bss                                     0x20000028   Section      492  main.o(.bss)
    .bss                                     0x20000214   Section     1000  ssd1963_fsmc.o(.bss)
    .bss                                     0x200005fc   Section       96  libspace.o(.bss)
    HEAP                                     0x20000660   Section      512  startup_stm32f407xx.o(HEAP)
    Heap_Mem                                 0x20000660   Data         512  startup_stm32f407xx.o(HEAP)
    STACK                                    0x20000860   Section     1024  startup_stm32f407xx.o(STACK)
    Stack_Mem                                0x20000860   Data        1024  startup_stm32f407xx.o(STACK)
    __initial_sp                             0x20000c60   Data           0  startup_stm32f407xx.o(STACK)

    Global Symbols

    Symbol Name                              Value     Ov Type        Size  Object(Section)

    BuildAttributes$$THM_ISAv4$E$P$D$K$B$S$7EM$VFPi3$EXTD16$VFPS$VFMA$PE$A:L22UL41UL21$X:L11$S22US41US21$IEEE1$IW$USESV6$~STKCKD$USESV7$~SHL$OSPACE$ROPI$EBA8$UX$STANDARDLIB$REQ8$PRES8$EABIv2 0x00000000   Number         0  anon$$obj.o ABSOLUTE
    __ARM_use_no_argv                        0x00000000   Number         0  main.o ABSOLUTE
    __ARM_exceptions_init                     - Undefined Weak Reference
    __alloca_initialize                       - Undefined Weak Reference
    __arm_preinit_                            - Undefined Weak Reference
    __cpp_initialize__aeabi_                  - Undefined Weak Reference
    __cxa_finalize                            - Undefined Weak Reference
    __rt_locale                               - Undefined Weak Reference
    __sigvec_lookup                           - Undefined Weak Reference
    _atexit_init                              - Undefined Weak Reference
    _call_atexit_fns                          - Undefined Weak Reference
    _clock_init                               - Undefined Weak Reference
    _fp_trap_init                             - Undefined Weak Reference
    _fp_trap_shutdown                         - Undefined Weak Reference
    _get_lc_collate                           - Undefined Weak Reference
    _get_lc_ctype                             - Undefined Weak Reference
    _get_lc_monetary                          - Undefined Weak Reference
    _get_lc_numeric                           - Undefined Weak Reference
    _get_lc_time                              - Undefined Weak Reference
    _getenv_init                              - Undefined Weak Reference
    _handle_redirection                       - Undefined Weak Reference
    _init_alloc                               - Undefined Weak Reference
    _init_user_alloc                          - Undefined Weak Reference
    _initio                                   - Undefined Weak Reference
    _rand_init                                - Undefined Weak Reference
    _signal_finish                            - Undefined Weak Reference
    _signal_init                              - Undefined Weak Reference
    _terminate_alloc                          - Undefined Weak Reference
    _terminate_user_alloc                     - Undefined Weak Reference
    _terminateio                              - Undefined Weak Reference
    __Vectors_Size                           0x00000188   Number         0  startup_stm32f407xx.o ABSOLUTE
    __Vectors                                0x08000000   Data           4  startup_stm32f407xx.o(RESET)
    __Vectors_End                            0x08000188   Data           0  startup_stm32f407xx.o(RESET)
    __main                                   0x08000189   Thumb Code     8  __main.o(!!!main)
    __scatterload                            0x08000191   Thumb Code     0  __scatter.o(!!!scatter)
    __scatterload_rt2                        0x08000191   Thumb Code    44  __scatter.o(!!!scatter)
    __scatterload_rt2_thumb_only             0x08000191   Thumb Code     0  __scatter.o(!!!scatter)
    __scatterload_null                       0x0800019f   Thumb Code     0  __scatter.o(!!!scatter)
    __scatterload_copy                       0x080001c5   Thumb Code    26  __scatter_copy.o(!!handler_copy)
    __scatterload_zeroinit                   0x080001e1   Thumb Code    28  __scatter_zi.o(!!handler_zi)
    __rt_lib_init                            0x080001fd   Thumb Code     0  libinit.o(.ARM.Collect$$libinit$$00000000)
    __rt_lib_init_fp_1                       0x080001ff   Thumb Code     0  libinit2.o(.ARM.Collect$$libinit$$00000001)
    __rt_lib_init_alloca_1                   0x08000203   Thumb Code     0  libinit2.o(.ARM.Collect$$libinit$$0000002E)
    __rt_lib_init_argv_1                     0x08000203   Thumb Code     0  libinit2.o(.ARM.Collect$$libinit$$0000002C)
    __rt_lib_init_atexit_1                   0x08000203   Thumb Code     0  libinit2.o(.ARM.Collect$$libinit$$0000001B)
    __rt_lib_init_clock_1                    0x08000203   Thumb Code     0  libinit2.o(.ARM.Collect$$libinit$$00000021)
    __rt_lib_init_cpp_1                      0x08000203   Thumb Code     0  libinit2.o(.ARM.Collect$$libinit$$00000032)
    __rt_lib_init_exceptions_1               0x08000203   Thumb Code     0  libinit2.o(.ARM.Collect$$libinit$$00000030)
    __rt_lib_init_fp_trap_1                  0x08000203   Thumb Code     0  libinit2.o(.ARM.Collect$$libinit$$0000001F)
    __rt_lib_init_getenv_1                   0x08000203   Thumb Code     0  libinit2.o(.ARM.Collect$$libinit$$00000023)
    __rt_lib_init_heap_1                     0x08000203   Thumb Code     0  libinit2.o(.ARM.Collect$$libinit$$0000000A)
    __rt_lib_init_lc_collate_1               0x08000203   Thumb Code     0  libinit2.o(.ARM.Collect$$libinit$$00000011)
    __rt_lib_init_lc_ctype_1                 0x08000203   Thumb Code     0  libinit2.o(.ARM.Collect$$libinit$$00000013)
    __rt_lib_init_lc_monetary_1              0x08000203   Thumb Code     0  libinit2.o(.ARM.Collect$$libinit$$00000015)
    __rt_lib_init_lc_numeric_1               0x08000203   Thumb Code     0  libinit2.o(.ARM.Collect$$libinit$$00000017)
    __rt_lib_init_lc_time_1                  0x08000203   Thumb Code     0  libinit2.o(.ARM.Collect$$libinit$$00000019)
    __rt_lib_init_preinit_1                  0x08000203   Thumb Code     0  libinit2.o(.ARM.Collect$$libinit$$00000004)
    __rt_lib_init_rand_1                     0x08000203   Thumb Code     0  libinit2.o(.ARM.Collect$$libinit$$0000000E)
    __rt_lib_init_return                     0x08000203   Thumb Code     0  libinit2.o(.ARM.Collect$$libinit$$00000033)
    __rt_lib_init_signal_1                   0x08000203   Thumb Code     0  libinit2.o(.ARM.Collect$$libinit$$0000001D)
    __rt_lib_init_stdio_1                    0x08000203   Thumb Code     0  libinit2.o(.ARM.Collect$$libinit$$00000025)
    __rt_lib_init_user_alloc_1               0x08000203   Thumb Code     0  libinit2.o(.ARM.Collect$$libinit$$0000000C)
    __rt_lib_shutdown                        0x08000205   Thumb Code     0  libshutdown.o(.ARM.Collect$$libshutdown$$00000000)
    __rt_lib_shutdown_cpp_1                  0x08000207   Thumb Code     0  libshutdown2.o(.ARM.Collect$$libshutdown$$00000002)
    __rt_lib_shutdown_fp_trap_1              0x08000207   Thumb Code     0  libshutdown2.o(.ARM.Collect$$libshutdown$$00000007)
    __rt_lib_shutdown_heap_1                 0x08000207   Thumb Code     0  libshutdown2.o(.ARM.Collect$$libshutdown$$0000000F)
    __rt_lib_shutdown_return                 0x08000207   Thumb Code     0  libshutdown2.o(.ARM.Collect$$libshutdown$$00000010)
    __rt_lib_shutdown_signal_1               0x08000207   Thumb Code     0  libshutdown2.o(.ARM.Collect$$libshutdown$$0000000A)
    __rt_lib_shutdown_stdio_1                0x08000207   Thumb Code     0  libshutdown2.o(.ARM.Collect$$libshutdown$$00000004)
    __rt_lib_shutdown_user_alloc_1           0x08000207   Thumb Code     0  libshutdown2.o(.ARM.Collect$$libshutdown$$0000000C)
    __rt_entry                               0x08000209   Thumb Code     0  __rtentry.o(.ARM.Collect$$rtentry$$00000000)
    __rt_entry_presh_1                       0x08000209   Thumb Code     0  __rtentry2.o(.ARM.Collect$$rtentry$$00000002)
    __rt_entry_sh                            0x08000209   Thumb Code     0  __rtentry4.o(.ARM.Collect$$rtentry$$00000004)
    __rt_entry_li                            0x0800020f   Thumb Code     0  __rtentry2.o(.ARM.Collect$$rtentry$$0000000A)
    __rt_entry_postsh_1                      0x0800020f   Thumb Code     0  __rtentry2.o(.ARM.Collect$$rtentry$$00000009)
    __rt_entry_main                          0x08000213   Thumb Code     0  __rtentry2.o(.ARM.Collect$$rtentry$$0000000D)
    __rt_entry_postli_1                      0x08000213   Thumb Code     0  __rtentry2.o(.ARM.Collect$$rtentry$$0000000C)
    __rt_exit                                0x0800021b   Thumb Code     0  rtexit.o(.ARM.Collect$$rtexit$$00000000)
    __rt_exit_ls                             0x0800021d   Thumb Code     0  rtexit2.o(.ARM.Collect$$rtexit$$00000003)
    __rt_exit_prels_1                        0x0800021d   Thumb Code     0  rtexit2.o(.ARM.Collect$$rtexit$$00000002)
    __rt_exit_exit                           0x08000221   Thumb Code     0  rtexit2.o(.ARM.Collect$$rtexit$$00000004)
    Reset_Handler                            0x08000229   Thumb Code     8  startup_stm32f407xx.o(.text)
    ADC_IRQHandler                           0x08000243   Thumb Code     0  startup_stm32f407xx.o(.text)
    CAN1_RX0_IRQHandler                      0x08000243   Thumb Code     0  startup_stm32f407xx.o(.text)
    CAN1_RX1_IRQHandler                      0x08000243   Thumb Code     0  startup_stm32f407xx.o(.text)
    CAN1_SCE_IRQHandler                      0x08000243   Thumb Code     0  startup_stm32f407xx.o(.text)
    CAN1_TX_IRQHandler                       0x08000243   Thumb Code     0  startup_stm32f407xx.o(.text)
    CAN2_RX0_IRQHandler                      0x08000243   Thumb Code     0  startup_stm32f407xx.o(.text)
    CAN2_RX1_IRQHandler                      0x08000243   Thumb Code     0  startup_stm32f407xx.o(.text)
    CAN2_SCE_IRQHandler                      0x08000243   Thumb Code     0  startup_stm32f407xx.o(.text)
    CAN2_TX_IRQHandler                       0x08000243   Thumb Code     0  startup_stm32f407xx.o(.text)
    DCMI_IRQHandler                          0x08000243   Thumb Code     0  startup_stm32f407xx.o(.text)
    DMA1_Stream0_IRQHandler                  0x08000243   Thumb Code     0  startup_stm32f407xx.o(.text)
    DMA1_Stream1_IRQHandler                  0x08000243   Thumb Code     0  startup_stm32f407xx.o(.text)
    DMA1_Stream2_IRQHandler                  0x08000243   Thumb Code     0  startup_stm32f407xx.o(.text)
    DMA1_Stream3_IRQHandler                  0x08000243   Thumb Code     0  startup_stm32f407xx.o(.text)
    DMA1_Stream4_IRQHandler                  0x08000243   Thumb Code     0  startup_stm32f407xx.o(.text)
    DMA1_Stream5_IRQHandler                  0x08000243   Thumb Code     0  startup_stm32f407xx.o(.text)
    DMA1_Stream6_IRQHandler                  0x08000243   Thumb Code     0  startup_stm32f407xx.o(.text)
    DMA1_Stream7_IRQHandler                  0x08000243   Thumb Code     0  startup_stm32f407xx.o(.text)
    DMA2_Stream0_IRQHandler                  0x08000243   Thumb Code     0  startup_stm32f407xx.o(.text)
    DMA2_Stream1_IRQHandler                  0x08000243   Thumb Code     0  startup_stm32f407xx.o(.text)
    DMA2_Stream2_IRQHandler                  0x08000243   Thumb Code     0  startup_stm32f407xx.o(.text)
    DMA2_Stream3_IRQHandler                  0x08000243   Thumb Code     0  startup_stm32f407xx.o(.text)
    DMA2_Stream4_IRQHandler                  0x08000243   Thumb Code     0  startup_stm32f407xx.o(.text)
    DMA2_Stream5_IRQHandler                  0x08000243   Thumb Code     0  startup_stm32f407xx.o(.text)
    DMA2_Stream6_IRQHandler                  0x08000243   Thumb Code     0  startup_stm32f407xx.o(.text)
    DMA2_Stream7_IRQHandler                  0x08000243   Thumb Code     0  startup_stm32f407xx.o(.text)
    ETH_IRQHandler                           0x08000243   Thumb Code     0  startup_stm32f407xx.o(.text)
    ETH_WKUP_IRQHandler                      0x08000243   Thumb Code     0  startup_stm32f407xx.o(.text)
    EXTI0_IRQHandler                         0x08000243   Thumb Code     0  startup_stm32f407xx.o(.text)
    EXTI15_10_IRQHandler                     0x08000243   Thumb Code     0  startup_stm32f407xx.o(.text)
    EXTI1_IRQHandler                         0x08000243   Thumb Code     0  startup_stm32f407xx.o(.text)
    EXTI2_IRQHandler                         0x08000243   Thumb Code     0  startup_stm32f407xx.o(.text)
    EXTI4_IRQHandler                         0x08000243   Thumb Code     0  startup_stm32f407xx.o(.text)
    EXTI9_5_IRQHandler                       0x08000243   Thumb Code     0  startup_stm32f407xx.o(.text)
    FLASH_IRQHandler                         0x08000243   Thumb Code     0  startup_stm32f407xx.o(.text)
    FMC_IRQHandler                           0x08000243   Thumb Code     0  startup_stm32f407xx.o(.text)
    FPU_IRQHandler                           0x08000243   Thumb Code     0  startup_stm32f407xx.o(.text)
    HASH_RNG_IRQHandler                      0x08000243   Thumb Code     0  startup_stm32f407xx.o(.text)
    I2C1_ER_IRQHandler                       0x08000243   Thumb Code     0  startup_stm32f407xx.o(.text)
    I2C1_EV_IRQHandler                       0x08000243   Thumb Code     0  startup_stm32f407xx.o(.text)
    I2C2_ER_IRQHandler                       0x08000243   Thumb Code     0  startup_stm32f407xx.o(.text)
    I2C2_EV_IRQHandler                       0x08000243   Thumb Code     0  startup_stm32f407xx.o(.text)
    I2C3_ER_IRQHandler                       0x08000243   Thumb Code     0  startup_stm32f407xx.o(.text)
    I2C3_EV_IRQHandler                       0x08000243   Thumb Code     0  startup_stm32f407xx.o(.text)
    OTG_FS_IRQHandler                        0x08000243   Thumb Code     0  startup_stm32f407xx.o(.text)
    OTG_FS_WKUP_IRQHandler                   0x08000243   Thumb Code     0  startup_stm32f407xx.o(.text)
    OTG_HS_EP1_IN_IRQHandler                 0x08000243   Thumb Code     0  startup_stm32f407xx.o(.text)
    OTG_HS_EP1_OUT_IRQHandler                0x08000243   Thumb Code     0  startup_stm32f407xx.o(.text)
    OTG_HS_IRQHandler                        0x08000243   Thumb Code     0  startup_stm32f407xx.o(.text)
    OTG_HS_WKUP_IRQHandler                   0x08000243   Thumb Code     0  startup_stm32f407xx.o(.text)
    PVD_IRQHandler                           0x08000243   Thumb Code     0  startup_stm32f407xx.o(.text)
    RCC_IRQHandler                           0x08000243   Thumb Code     0  startup_stm32f407xx.o(.text)
    RTC_Alarm_IRQHandler                     0x08000243   Thumb Code     0  startup_stm32f407xx.o(.text)
    RTC_WKUP_IRQHandler                      0x08000243   Thumb Code     0  startup_stm32f407xx.o(.text)
    SDIO_IRQHandler                          0x08000243   Thumb Code     0  startup_stm32f407xx.o(.text)
    SPI1_IRQHandler                          0x08000243   Thumb Code     0  startup_stm32f407xx.o(.text)
    SPI2_IRQHandler                          0x08000243   Thumb Code     0  startup_stm32f407xx.o(.text)
    TAMP_STAMP_IRQHandler                    0x08000243   Thumb Code     0  startup_stm32f407xx.o(.text)
    TIM1_CC_IRQHandler                       0x08000243   Thumb Code     0  startup_stm32f407xx.o(.text)
    TIM1_TRG_COM_TIM11_IRQHandler            0x08000243   Thumb Code     0  startup_stm32f407xx.o(.text)
    TIM2_IRQHandler                          0x08000243   Thumb Code     0  startup_stm32f407xx.o(.text)
    TIM3_IRQHandler                          0x08000243   Thumb Code     0  startup_stm32f407xx.o(.text)
    TIM4_IRQHandler                          0x08000243   Thumb Code     0  startup_stm32f407xx.o(.text)
    TIM5_IRQHandler                          0x08000243   Thumb Code     0  startup_stm32f407xx.o(.text)
    TIM6_DAC_IRQHandler                      0x08000243   Thumb Code     0  startup_stm32f407xx.o(.text)
    TIM7_IRQHandler                          0x08000243   Thumb Code     0  startup_stm32f407xx.o(.text)
    TIM8_BRK_TIM12_IRQHandler                0x08000243   Thumb Code     0  startup_stm32f407xx.o(.text)
    TIM8_CC_IRQHandler                       0x08000243   Thumb Code     0  startup_stm32f407xx.o(.text)
    TIM8_TRG_COM_TIM14_IRQHandler            0x08000243   Thumb Code     0  startup_stm32f407xx.o(.text)
    TIM8_UP_TIM13_IRQHandler                 0x08000243   Thumb Code     0  startup_stm32f407xx.o(.text)
    UART4_IRQHandler                         0x08000243   Thumb Code     0  startup_stm32f407xx.o(.text)
    UART5_IRQHandler                         0x08000243   Thumb Code     0  startup_stm32f407xx.o(.text)
    USART1_IRQHandler                        0x08000243   Thumb Code     0  startup_stm32f407xx.o(.text)
    USART2_IRQHandler                        0x08000243   Thumb Code     0  startup_stm32f407xx.o(.text)
    USART3_IRQHandler                        0x08000243   Thumb Code     0  startup_stm32f407xx.o(.text)
    USART6_IRQHandler                        0x08000243   Thumb Code     0  startup_stm32f407xx.o(.text)
    WWDG_IRQHandler                          0x08000243   Thumb Code     0  startup_stm32f407xx.o(.text)
    __user_initial_stackheap                 0x08000245   Thumb Code     0  startup_stm32f407xx.o(.text)
    __aeabi_uldivmod                         0x08000269   Thumb Code     0  lludivv7m.o(.text)
    _ll_udiv                                 0x08000269   Thumb Code   238  lludivv7m.o(.text)
    __2sprintf                               0x08000359   Thumb Code    34  noretval__2sprintf.o(.text)
    __use_two_region_memory                  0x08000381   Thumb Code     2  heapauxi.o(.text)
    __rt_heap_escrow$2region                 0x08000383   Thumb Code     2  heapauxi.o(.text)
    __rt_heap_expand$2region                 0x08000385   Thumb Code     2  heapauxi.o(.text)
    _printf_char_common                      0x08000393   Thumb Code    32  _printf_char_common.o(.text)
    _sputc                                   0x080003b9   Thumb Code    10  _sputc.o(.text)
    __printf                                 0x080003c3   Thumb Code    40  __printf_nopercent.o(.text)
    __user_setup_stackheap                   0x080003eb   Thumb Code    74  sys_stackheap_outer.o(.text)
    exit                                     0x08000435   Thumb Code    18  exit.o(.text)
    __user_libspace                          0x08000449   Thumb Code     8  libspace.o(.text)
    __user_perproc_libspace                  0x08000449   Thumb Code     0  libspace.o(.text)
    __user_perthread_libspace                0x08000449   Thumb Code     0  libspace.o(.text)
    _sys_exit                                0x08000451   Thumb Code     8  sys_exit.o(.text)
    __I$use$semihosting                      0x0800045d   Thumb Code     0  use_no_semi.o(.text)
    __use_no_semihosting_swi                 0x0800045d   Thumb Code     2  use_no_semi.o(.text)
    BusFault_Handler                         0x0800045f   Thumb Code     4  stm32f4xx_it.o(i.BusFault_Handler)
    __semihosting_library_function           0x0800045f   Thumb Code     0  indicate_semi.o(.text)
    DebugMon_Handler                         0x08000463   Thumb Code     2  stm32f4xx_it.o(i.DebugMon_Handler)
    EXTI3_IRQHandler                         0x08000465   Thumb Code    10  stm32f4xx_it.o(i.EXTI3_IRQHandler)
    FSMC_NORSRAM_Extended_Timing_Init        0x08000471   Thumb Code    66  stm32f4xx_ll_fsmc.o(i.FSMC_NORSRAM_Extended_Timing_Init)
    FSMC_NORSRAM_Init                        0x080004b9   Thumb Code    88  stm32f4xx_ll_fsmc.o(i.FSMC_NORSRAM_Init)
    FSMC_NORSRAM_Timing_Init                 0x08000515   Thumb Code    68  stm32f4xx_ll_fsmc.o(i.FSMC_NORSRAM_Timing_Init)
    HAL_DMA_Abort_IT                         0x08000597   Thumb Code    40  stm32f4xx_hal_dma.o(i.HAL_DMA_Abort_IT)
    HAL_Delay                                0x080005c1   Thumb Code    36  stm32f4xx_hal.o(i.HAL_Delay)
    HAL_GPIO_EXTI_Callback                   0x0800066d   Thumb Code    16  main.o(i.HAL_GPIO_EXTI_Callback)
    HAL_GPIO_EXTI_IRQHandler                 0x08000681   Thumb Code    24  stm32f4xx_hal_gpio.o(i.HAL_GPIO_EXTI_IRQHandler)
    HAL_GPIO_Init                            0x0800069d   Thumb Code   466  stm32f4xx_hal_gpio.o(i.HAL_GPIO_Init)
    HAL_GPIO_WritePin                        0x0800089d   Thumb Code    12  stm32f4xx_hal_gpio.o(i.HAL_GPIO_WritePin)
    HAL_GetTick                              0x080008a9   Thumb Code     6  stm32f4xx_hal.o(i.HAL_GetTick)
    HAL_I2C_Init                             0x080008b5   Thumb Code   286  stm32f4xx_hal_i2c.o(i.HAL_I2C_Init)
    HAL_I2C_MspInit                          0x080009dd   Thumb Code   148  stm32f4xx_hal_msp.o(i.HAL_I2C_MspInit)
    HAL_IncTick                              0x08000a81   Thumb Code    16  stm32f4xx_hal.o(i.HAL_IncTick)
    HAL_Init                                 0x08000a99   Thumb Code    54  stm32f4xx_hal.o(i.HAL_Init)
    HAL_InitTick                             0x08000ad5   Thumb Code    64  stm32f4xx_hal.o(i.HAL_InitTick)
    HAL_MspInit                              0x08000b21   Thumb Code    86  stm32f4xx_hal_msp.o(i.HAL_MspInit)
    HAL_NVIC_EnableIRQ                       0x08000b77   Thumb Code    26  stm32f4xx_hal_cortex.o(i.HAL_NVIC_EnableIRQ)
    HAL_NVIC_SetPriority                     0x08000b91   Thumb Code   124  stm32f4xx_hal_cortex.o(i.HAL_NVIC_SetPriority)
    HAL_NVIC_SetPriorityGrouping             0x08000c0d   Thumb Code    32  stm32f4xx_hal_cortex.o(i.HAL_NVIC_SetPriorityGrouping)
    HAL_RCCEx_PeriphCLKConfig                0x08000c35   Thumb Code   396  stm32f4xx_hal_rcc_ex.o(i.HAL_RCCEx_PeriphCLKConfig)
    HAL_RCC_ClockConfig                      0x08000dd5   Thumb Code   366  stm32f4xx_hal_rcc.o(i.HAL_RCC_ClockConfig)
    HAL_RCC_GetHCLKFreq                      0x08000f55   Thumb Code     6  stm32f4xx_hal_rcc.o(i.HAL_RCC_GetHCLKFreq)
    HAL_RCC_GetPCLK1Freq                     0x08000f61   Thumb Code    22  stm32f4xx_hal_rcc.o(i.HAL_RCC_GetPCLK1Freq)
    HAL_RCC_GetPCLK2Freq                     0x08000f81   Thumb Code    22  stm32f4xx_hal_rcc.o(i.HAL_RCC_GetPCLK2Freq)
    HAL_RCC_GetSysClockFreq                  0x08000fa1   Thumb Code   162  stm32f4xx_hal_rcc.o(i.HAL_RCC_GetSysClockFreq)
    HAL_RCC_MCOConfig                        0x08001051   Thumb Code   178  stm32f4xx_hal_rcc.o(i.HAL_RCC_MCOConfig)
    HAL_RCC_OscConfig                        0x08001111   Thumb Code  1086  stm32f4xx_hal_rcc.o(i.HAL_RCC_OscConfig)
    HAL_RTC_Init                             0x08001559   Thumb Code   212  stm32f4xx_hal_rtc.o(i.HAL_RTC_Init)
    HAL_RTC_MspInit                          0x08001631   Thumb Code    16  stm32f4xx_hal_msp.o(i.HAL_RTC_MspInit)
    HAL_RTC_WaitForSynchro                   0x08001649   Thumb Code    58  stm32f4xx_hal_rtc.o(i.HAL_RTC_WaitForSynchro)
    HAL_SPI_ErrorCallback                    0x08001683   Thumb Code     2  stm32f4xx_hal_spi.o(i.HAL_SPI_ErrorCallback)
    HAL_SPI_IRQHandler                       0x08001685   Thumb Code   308  stm32f4xx_hal_spi.o(i.HAL_SPI_IRQHandler)
    HAL_SPI_Init                             0x080017bd   Thumb Code   140  stm32f4xx_hal_spi.o(i.HAL_SPI_Init)
    HAL_SPI_MspInit                          0x08001849   Thumb Code   126  stm32f4xx_hal_msp.o(i.HAL_SPI_MspInit)
    HAL_SPI_Transmit                         0x080018d9   Thumb Code   422  stm32f4xx_hal_spi.o(i.HAL_SPI_Transmit)
    HAL_SPI_TransmitReceive                  0x08001a7f   Thumb Code   542  stm32f4xx_hal_spi.o(i.HAL_SPI_TransmitReceive)
    HAL_SRAM_Init                            0x08001c9d   Thumb Code    88  stm32f4xx_hal_sram.o(i.HAL_SRAM_Init)
    HAL_SRAM_MspInit                         0x08001cf5   Thumb Code    10  stm32f4xx_hal_msp.o(i.HAL_SRAM_MspInit)
    HAL_SYSTICK_CLKSourceConfig              0x08001cff   Thumb Code    40  stm32f4xx_hal_cortex.o(i.HAL_SYSTICK_CLKSourceConfig)
    HAL_SYSTICK_Callback                     0x08001d27   Thumb Code     2  stm32f4xx_hal_cortex.o(i.HAL_SYSTICK_Callback)
    HAL_SYSTICK_Config                       0x08001d29   Thumb Code    52  stm32f4xx_hal_cortex.o(i.HAL_SYSTICK_Config)
    HAL_SYSTICK_IRQHandler                   0x08001d5d   Thumb Code     8  stm32f4xx_hal_cortex.o(i.HAL_SYSTICK_IRQHandler)
    HAL_TIMEx_BreakCallback                  0x08001d65   Thumb Code     2  stm32f4xx_hal_tim_ex.o(i.HAL_TIMEx_BreakCallback)
    HAL_TIMEx_CommutationCallback            0x08001d67   Thumb Code     2  stm32f4xx_hal_tim_ex.o(i.HAL_TIMEx_CommutationCallback)
    HAL_TIMEx_MasterConfigSynchronization    0x08001d69   Thumb Code    98  stm32f4xx_hal_tim_ex.o(i.HAL_TIMEx_MasterConfigSynchronization)
    HAL_TIM_Base_Init                        0x08001dcb   Thumb Code    52  stm32f4xx_hal_tim.o(i.HAL_TIM_Base_Init)
    HAL_TIM_Base_MspInit                     0x08001e01   Thumb Code    78  stm32f4xx_hal_msp.o(i.HAL_TIM_Base_MspInit)
    HAL_TIM_Base_Start                       0x08001e59   Thumb Code    30  stm32f4xx_hal_tim.o(i.HAL_TIM_Base_Start)
    HAL_TIM_Base_Start_IT                    0x08001e77   Thumb Code    30  stm32f4xx_hal_tim.o(i.HAL_TIM_Base_Start_IT)
    HAL_TIM_ConfigClockSource                0x08001e95   Thumb Code   306  stm32f4xx_hal_tim.o(i.HAL_TIM_ConfigClockSource)
    HAL_TIM_IC_CaptureCallback               0x08001fc7   Thumb Code     2  stm32f4xx_hal_tim.o(i.HAL_TIM_IC_CaptureCallback)
    HAL_TIM_IRQHandler                       0x08001fc9   Thumb Code   406  stm32f4xx_hal_tim.o(i.HAL_TIM_IRQHandler)
    HAL_TIM_OC_DelayElapsedCallback          0x0800215f   Thumb Code     2  stm32f4xx_hal_tim.o(i.HAL_TIM_OC_DelayElapsedCallback)
    HAL_TIM_PWM_PulseFinishedCallback        0x08002161   Thumb Code     2  stm32f4xx_hal_tim.o(i.HAL_TIM_PWM_PulseFinishedCallback)
    HAL_TIM_PeriodElapsedCallback            0x08002163   Thumb Code     2  stm32f4xx_hal_tim.o(i.HAL_TIM_PeriodElapsedCallback)
    HAL_TIM_TriggerCallback                  0x08002165   Thumb Code     2  stm32f4xx_hal_tim.o(i.HAL_TIM_TriggerCallback)
    HAL_UART_Init                            0x08002167   Thumb Code   114  stm32f4xx_hal_uart.o(i.HAL_UART_Init)
    HAL_UART_MspInit                         0x080021d9   Thumb Code    80  stm32f4xx_hal_msp.o(i.HAL_UART_MspInit)
    HAL_UART_Transmit                        0x08002235   Thumb Code   214  stm32f4xx_hal_uart.o(i.HAL_UART_Transmit)
    HardFault_Handler                        0x0800230b   Thumb Code     4  stm32f4xx_it.o(i.HardFault_Handler)
    LCD_Pixel                                0x08002329   Thumb Code   100  ssd1963_fsmc.o(i.LCD_Pixel)
    LCD_Rectangle_Fill                       0x080023b3   Thumb Code    60  ssd1963_fsmc.o(i.LCD_Rectangle_Fill)
    LCD_String_Font                          0x0800243b   Thumb Code   468  ssd1963_fsmc.o(i.LCD_String_Font)
    MemManage_Handler                        0x08002a7d   Thumb Code     4  stm32f4xx_it.o(i.MemManage_Handler)
    NMI_Handler                              0x08002a81   Thumb Code     2  stm32f4xx_it.o(i.NMI_Handler)
    PendSV_Handler                           0x08002abd   Thumb Code     2  stm32f4xx_it.o(i.PendSV_Handler)
    RTC_EnterInitMode                        0x08002abf   Thumb Code    62  stm32f4xx_hal_rtc.o(i.RTC_EnterInitMode)
    SPI3_IRQHandler                          0x08002afd   Thumb Code    10  stm32f4xx_it.o(i.SPI3_IRQHandler)
    SSD1963_Bright                           0x08002bf3   Thumb Code    30  ssd1963_fsmc.o(i.SSD1963_Bright)
    SSD1963_Init                             0x08002c11   Thumb Code   324  ssd1963_fsmc.o(i.SSD1963_Init)
    SSD1963_Test                             0x08002d55   Thumb Code   114  ssd1963_fsmc.o(i.SSD1963_Test)
    SVC_Handler                              0x08002df5   Thumb Code     2  stm32f4xx_it.o(i.SVC_Handler)
    SysTick_Handler                          0x08002df7   Thumb Code    12  stm32f4xx_it.o(i.SysTick_Handler)
    SystemClock_Config                       0x08002e05   Thumb Code   234  main.o(i.SystemClock_Config)
    SystemInit                               0x08002f0d   Thumb Code    82  system_stm32f4xx.o(i.SystemInit)
    TIM1_BRK_TIM9_IRQHandler                 0x08002f71   Thumb Code    28  stm32f4xx_it.o(i.TIM1_BRK_TIM9_IRQHandler)
    TIM1_UP_TIM10_IRQHandler                 0x08002f95   Thumb Code    28  stm32f4xx_it.o(i.TIM1_UP_TIM10_IRQHandler)
    TIM_Base_SetConfig                       0x08002fb9   Thumb Code   184  stm32f4xx_hal_tim.o(i.TIM_Base_SetConfig)
    UsageFault_Handler                       0x080034f5   Thumb Code     4  stm32f4xx_it.o(i.UsageFault_Handler)
    XPT2046_Init                             0x080034f9   Thumb Code    46  xpt2046.o(i.XPT2046_Init)
    _Error_Handler                           0x0800352d   Thumb Code     4  main.o(i._Error_Handler)
    getRaw                                   0x08003531   Thumb Code    84  xpt2046.o(i.getRaw)
    getX                                     0x08003589   Thumb Code    32  xpt2046.o(i.getX)
    getY                                     0x080035a9   Thumb Code    32  xpt2046.o(i.getY)
    main                                     0x080035c9   Thumb Code   228  main.o(i.main)
    map                                      0x080036d5   Thumb Code    24  xpt2046.o(i.map)
    _fp_init                                 0x080036ed   Thumb Code    10  fpinit.o(x$fpl$fpinit)
    __fplib_config_fpu_vfp                   0x080036f5   Thumb Code     0  fpinit.o(x$fpl$fpinit)
    __fplib_config_pureend_doubles           0x080036f5   Thumb Code     0  fpinit.o(x$fpl$fpinit)
    AHBPrescTable                            0x080036f6   Data          16  system_stm32f4xx.o(.constdata)
    APBPrescTable                            0x08003706   Data           8  system_stm32f4xx.o(.constdata)
    segment_seven_96x144_num                 0x0800370e   Data       17283  font_segment_seven_96x144_num.o(.constdata)
    Region$$Table$$Base                      0x08007a94   Number         0  anon$$obj.o(Region$$Table)
    Region$$Table$$Limit                     0x08007ab4   Number         0  anon$$obj.o(Region$$Table)
    SystemCoreClock                          0x20000000   Data           4  system_stm32f4xx.o(.data)
    uwTick                                   0x20000004   Data           4  stm32f4xx_hal.o(.data)
    uwTickPrio                               0x20000008   Data           4  stm32f4xx_hal.o(.data)
    uwTickFreq                               0x2000000c   Data           1  stm32f4xx_hal.o(.data)
    touchIRQ                                 0x20000018   Data           1  main.o(.data)
    touchX                                   0x2000001a   Data           2  main.o(.data)
    touchY                                   0x2000001c   Data           2  main.o(.data)
    millis                                   0x20000020   Data           8  main.o(.data)
    hi2c1                                    0x20000028   Data          84  main.o(.bss)
    hi2c2                                    0x2000007c   Data          84  main.o(.bss)
    hrtc                                     0x200000d0   Data          32  main.o(.bss)
    hspi3                                    0x200000f0   Data          88  main.o(.bss)
    htim1                                    0x20000148   Data          60  main.o(.bss)
    huart1                                   0x20000184   Data          64  main.o(.bss)
    hsram1                                   0x200001c4   Data          80  main.o(.bss)
    array                                    0x20000214   Data        1000  ssd1963_fsmc.o(.bss)
    __libspace_start                         0x200005fc   Data          96  libspace.o(.bss)
    __temporary_stack_top$libspace           0x2000065c   Data           0  libspace.o(.bss)



==============================================================================

Memory Map of the image

  Image Entry point : 0x08000189

  Load Region LR_IROM1 (Base: 0x08000000, Size: 0x00007adc, Max: 0x00080000, ABSOLUTE)

    Execution Region ER_IROM1 (Exec base: 0x08000000, Load base: 0x08000000, Size: 0x00007ab4, Max: 0x00080000, ABSOLUTE)

    Exec Addr    Load Addr    Size         Type   Attr      Idx    E Section Name        Object

    0x08000000   0x08000000   0x00000188   Data   RO            3    RESET               startup_stm32f407xx.o
    0x08000188   0x08000188   0x00000008   Code   RO         4733  * !!!main             c_w.l(__main.o)
    0x08000190   0x08000190   0x00000034   Code   RO         4906    !!!scatter          c_w.l(__scatter.o)
    0x080001c4   0x080001c4   0x0000001a   Code   RO         4908    !!handler_copy      c_w.l(__scatter_copy.o)
    0x080001de   0x080001de   0x00000002   PAD
    0x080001e0   0x080001e0   0x0000001c   Code   RO         4910    !!handler_zi        c_w.l(__scatter_zi.o)
    0x080001fc   0x080001fc   0x00000002   Code   RO         4776    .ARM.Collect$$libinit$$00000000  c_w.l(libinit.o)
    0x080001fe   0x080001fe   0x00000004   Code   RO         4788    .ARM.Collect$$libinit$$00000001  c_w.l(libinit2.o)
    0x08000202   0x08000202   0x00000000   Code   RO         4791    .ARM.Collect$$libinit$$00000004  c_w.l(libinit2.o)
    0x08000202   0x08000202   0x00000000   Code   RO         4794    .ARM.Collect$$libinit$$0000000A  c_w.l(libinit2.o)
    0x08000202   0x08000202   0x00000000   Code   RO         4796    .ARM.Collect$$libinit$$0000000C  c_w.l(libinit2.o)
    0x08000202   0x08000202   0x00000000   Code   RO         4798    .ARM.Collect$$libinit$$0000000E  c_w.l(libinit2.o)
    0x08000202   0x08000202   0x00000000   Code   RO         4801    .ARM.Collect$$libinit$$00000011  c_w.l(libinit2.o)
    0x08000202   0x08000202   0x00000000   Code   RO         4803    .ARM.Collect$$libinit$$00000013  c_w.l(libinit2.o)
    0x08000202   0x08000202   0x00000000   Code   RO         4805    .ARM.Collect$$libinit$$00000015  c_w.l(libinit2.o)
    0x08000202   0x08000202   0x00000000   Code   RO         4807    .ARM.Collect$$libinit$$00000017  c_w.l(libinit2.o)
    0x08000202   0x08000202   0x00000000   Code   RO         4809    .ARM.Collect$$libinit$$00000019  c_w.l(libinit2.o)
    0x08000202   0x08000202   0x00000000   Code   RO         4811    .ARM.Collect$$libinit$$0000001B  c_w.l(libinit2.o)
    0x08000202   0x08000202   0x00000000   Code   RO         4813    .ARM.Collect$$libinit$$0000001D  c_w.l(libinit2.o)
    0x08000202   0x08000202   0x00000000   Code   RO         4815    .ARM.Collect$$libinit$$0000001F  c_w.l(libinit2.o)
    0x08000202   0x08000202   0x00000000   Code   RO         4817    .ARM.Collect$$libinit$$00000021  c_w.l(libinit2.o)
    0x08000202   0x08000202   0x00000000   Code   RO         4819    .ARM.Collect$$libinit$$00000023  c_w.l(libinit2.o)
    0x08000202   0x08000202   0x00000000   Code   RO         4821    .ARM.Collect$$libinit$$00000025  c_w.l(libinit2.o)
    0x08000202   0x08000202   0x00000000   Code   RO         4825    .ARM.Collect$$libinit$$0000002C  c_w.l(libinit2.o)
    0x08000202   0x08000202   0x00000000   Code   RO         4827    .ARM.Collect$$libinit$$0000002E  c_w.l(libinit2.o)
    0x08000202   0x08000202   0x00000000   Code   RO         4829    .ARM.Collect$$libinit$$00000030  c_w.l(libinit2.o)
    0x08000202   0x08000202   0x00000000   Code   RO         4831    .ARM.Collect$$libinit$$00000032  c_w.l(libinit2.o)
    0x08000202   0x08000202   0x00000002   Code   RO         4832    .ARM.Collect$$libinit$$00000033  c_w.l(libinit2.o)
    0x08000204   0x08000204   0x00000002   Code   RO         4863    .ARM.Collect$$libshutdown$$00000000  c_w.l(libshutdown.o)
    0x08000206   0x08000206   0x00000000   Code   RO         4889    .ARM.Collect$$libshutdown$$00000002  c_w.l(libshutdown2.o)
    0x08000206   0x08000206   0x00000000   Code   RO         4891    .ARM.Collect$$libshutdown$$00000004  c_w.l(libshutdown2.o)
    0x08000206   0x08000206   0x00000000   Code   RO         4894    .ARM.Collect$$libshutdown$$00000007  c_w.l(libshutdown2.o)
    0x08000206   0x08000206   0x00000000   Code   RO         4897    .ARM.Collect$$libshutdown$$0000000A  c_w.l(libshutdown2.o)
    0x08000206   0x08000206   0x00000000   Code   RO         4899    .ARM.Collect$$libshutdown$$0000000C  c_w.l(libshutdown2.o)
    0x08000206   0x08000206   0x00000000   Code   RO         4902    .ARM.Collect$$libshutdown$$0000000F  c_w.l(libshutdown2.o)
    0x08000206   0x08000206   0x00000002   Code   RO         4903    .ARM.Collect$$libshutdown$$00000010  c_w.l(libshutdown2.o)
    0x08000208   0x08000208   0x00000000   Code   RO         4735    .ARM.Collect$$rtentry$$00000000  c_w.l(__rtentry.o)
    0x08000208   0x08000208   0x00000000   Code   RO         4745    .ARM.Collect$$rtentry$$00000002  c_w.l(__rtentry2.o)
    0x08000208   0x08000208   0x00000006   Code   RO         4757    .ARM.Collect$$rtentry$$00000004  c_w.l(__rtentry4.o)
    0x0800020e   0x0800020e   0x00000000   Code   RO         4747    .ARM.Collect$$rtentry$$00000009  c_w.l(__rtentry2.o)
    0x0800020e   0x0800020e   0x00000004   Code   RO         4748    .ARM.Collect$$rtentry$$0000000A  c_w.l(__rtentry2.o)
    0x08000212   0x08000212   0x00000000   Code   RO         4750    .ARM.Collect$$rtentry$$0000000C  c_w.l(__rtentry2.o)
    0x08000212   0x08000212   0x00000008   Code   RO         4751    .ARM.Collect$$rtentry$$0000000D  c_w.l(__rtentry2.o)
    0x0800021a   0x0800021a   0x00000002   Code   RO         4780    .ARM.Collect$$rtexit$$00000000  c_w.l(rtexit.o)
    0x0800021c   0x0800021c   0x00000000   Code   RO         4836    .ARM.Collect$$rtexit$$00000002  c_w.l(rtexit2.o)
    0x0800021c   0x0800021c   0x00000004   Code   RO         4837    .ARM.Collect$$rtexit$$00000003  c_w.l(rtexit2.o)
    0x08000220   0x08000220   0x00000006   Code   RO         4838    .ARM.Collect$$rtexit$$00000004  c_w.l(rtexit2.o)
    0x08000226   0x08000226   0x00000002   PAD
    0x08000228   0x08000228   0x00000040   Code   RO            4    .text               startup_stm32f407xx.o
    0x08000268   0x08000268   0x000000ee   Code   RO         4725    .text               c_w.l(lludivv7m.o)
    0x08000356   0x08000356   0x00000002   PAD
    0x08000358   0x08000358   0x00000028   Code   RO         4729    .text               c_w.l(noretval__2sprintf.o)
    0x08000380   0x08000380   0x00000006   Code   RO         4731    .text               c_w.l(heapauxi.o)
    0x08000386   0x08000386   0x00000002   PAD
    0x08000388   0x08000388   0x00000030   Code   RO         4740    .text               c_w.l(_printf_char_common.o)
    0x080003b8   0x080003b8   0x0000000a   Code   RO         4742    .text               c_w.l(_sputc.o)
    0x080003c2   0x080003c2   0x00000028   Code   RO         4761    .text               c_w.l(__printf_nopercent.o)
    0x080003ea   0x080003ea   0x0000004a   Code   RO         4763    .text               c_w.l(sys_stackheap_outer.o)
    0x08000434   0x08000434   0x00000012   Code   RO         4765    .text               c_w.l(exit.o)
    0x08000446   0x08000446   0x00000002   PAD
    0x08000448   0x08000448   0x00000008   Code   RO         4777    .text               c_w.l(libspace.o)
    0x08000450   0x08000450   0x0000000c   Code   RO         4833    .text               c_w.l(sys_exit.o)
    0x0800045c   0x0800045c   0x00000002   Code   RO         4852    .text               c_w.l(use_no_semi.o)
    0x0800045e   0x0800045e   0x00000000   Code   RO         4854    .text               c_w.l(indicate_semi.o)
    0x0800045e   0x0800045e   0x00000004   Code   RO         4058    i.BusFault_Handler  stm32f4xx_it.o
    0x08000462   0x08000462   0x00000002   Code   RO         4059    i.DebugMon_Handler  stm32f4xx_it.o
    0x08000464   0x08000464   0x0000000a   Code   RO         4060    i.EXTI3_IRQHandler  stm32f4xx_it.o
    0x0800046e   0x0800046e   0x00000002   PAD
    0x08000470   0x08000470   0x00000048   Code   RO         1921    i.FSMC_NORSRAM_Extended_Timing_Init  stm32f4xx_ll_fsmc.o
    0x080004b8   0x080004b8   0x0000005c   Code   RO         1922    i.FSMC_NORSRAM_Init  stm32f4xx_ll_fsmc.o
    0x08000514   0x08000514   0x00000044   Code   RO         1923    i.FSMC_NORSRAM_Timing_Init  stm32f4xx_ll_fsmc.o
    0x08000558   0x08000558   0x0000003e   Code   RO         4158    i.H24_RGB565_Reversed  ssd1963_fsmc.o
    0x08000596   0x08000596   0x00000028   Code   RO         3198    i.HAL_DMA_Abort_IT  stm32f4xx_hal_dma.o
    0x080005be   0x080005be   0x00000002   PAD
    0x080005c0   0x080005c0   0x00000028   Code   RO         2186    i.HAL_Delay         stm32f4xx_hal.o
    0x080005e8   0x080005e8   0x00000084   Code   RO         3852    i.HAL_FSMC_MspInit  stm32f4xx_hal_msp.o
    0x0800066c   0x0800066c   0x00000014   Code   RO         3959    i.HAL_GPIO_EXTI_Callback  main.o
    0x08000680   0x08000680   0x0000001c   Code   RO         1516    i.HAL_GPIO_EXTI_IRQHandler  stm32f4xx_hal_gpio.o
    0x0800069c   0x0800069c   0x00000200   Code   RO         1517    i.HAL_GPIO_Init     stm32f4xx_hal_gpio.o
    0x0800089c   0x0800089c   0x0000000c   Code   RO         1521    i.HAL_GPIO_WritePin  stm32f4xx_hal_gpio.o
    0x080008a8   0x080008a8   0x0000000c   Code   RO         2192    i.HAL_GetTick       stm32f4xx_hal.o
    0x080008b4   0x080008b4   0x00000128   Code   RO         3429    i.HAL_I2C_Init      stm32f4xx_hal_i2c.o
    0x080009dc   0x080009dc   0x000000a4   Code   RO         3854    i.HAL_I2C_MspInit   stm32f4xx_hal_msp.o
    0x08000a80   0x08000a80   0x00000018   Code   RO         2196    i.HAL_IncTick       stm32f4xx_hal.o
    0x08000a98   0x08000a98   0x0000003c   Code   RO         2197    i.HAL_Init          stm32f4xx_hal.o
    0x08000ad4   0x08000ad4   0x0000004c   Code   RO         2198    i.HAL_InitTick      stm32f4xx_hal.o
    0x08000b20   0x08000b20   0x00000056   Code   RO         3855    i.HAL_MspInit       stm32f4xx_hal_msp.o
    0x08000b76   0x08000b76   0x0000001a   Code   RO         2044    i.HAL_NVIC_EnableIRQ  stm32f4xx_hal_cortex.o
    0x08000b90   0x08000b90   0x0000007c   Code   RO         2050    i.HAL_NVIC_SetPriority  stm32f4xx_hal_cortex.o
    0x08000c0c   0x08000c0c   0x00000028   Code   RO         2051    i.HAL_NVIC_SetPriorityGrouping  stm32f4xx_hal_cortex.o
    0x08000c34   0x08000c34   0x000001a0   Code   RO         2587    i.HAL_RCCEx_PeriphCLKConfig  stm32f4xx_hal_rcc_ex.o
    0x08000dd4   0x08000dd4   0x00000180   Code   RO         2638    i.HAL_RCC_ClockConfig  stm32f4xx_hal_rcc.o
    0x08000f54   0x08000f54   0x0000000c   Code   RO         2643    i.HAL_RCC_GetHCLKFreq  stm32f4xx_hal_rcc.o
    0x08000f60   0x08000f60   0x00000020   Code   RO         2645    i.HAL_RCC_GetPCLK1Freq  stm32f4xx_hal_rcc.o
    0x08000f80   0x08000f80   0x00000020   Code   RO         2646    i.HAL_RCC_GetPCLK2Freq  stm32f4xx_hal_rcc.o
    0x08000fa0   0x08000fa0   0x000000b0   Code   RO         2647    i.HAL_RCC_GetSysClockFreq  stm32f4xx_hal_rcc.o
    0x08001050   0x08001050   0x000000c0   Code   RO         2648    i.HAL_RCC_MCOConfig  stm32f4xx_hal_rcc.o
    0x08001110   0x08001110   0x00000448   Code   RO         2650    i.HAL_RCC_OscConfig  stm32f4xx_hal_rcc.o
    0x08001558   0x08001558   0x000000d8   Code   RO         2358    i.HAL_RTC_Init      stm32f4xx_hal_rtc.o
    0x08001630   0x08001630   0x00000018   Code   RO         3857    i.HAL_RTC_MspInit   stm32f4xx_hal_msp.o
    0x08001648   0x08001648   0x0000003a   Code   RO         2366    i.HAL_RTC_WaitForSynchro  stm32f4xx_hal_rtc.o
    0x08001682   0x08001682   0x00000002   Code   RO         2764    i.HAL_SPI_ErrorCallback  stm32f4xx_hal_spi.o
    0x08001684   0x08001684   0x00000138   Code   RO         2767    i.HAL_SPI_IRQHandler  stm32f4xx_hal_spi.o
    0x080017bc   0x080017bc   0x0000008c   Code   RO         2768    i.HAL_SPI_Init      stm32f4xx_hal_spi.o
    0x08001848   0x08001848   0x00000090   Code   RO         3859    i.HAL_SPI_MspInit   stm32f4xx_hal_msp.o
    0x080018d8   0x080018d8   0x000001a6   Code   RO         2776    i.HAL_SPI_Transmit  stm32f4xx_hal_spi.o
    0x08001a7e   0x08001a7e   0x0000021e   Code   RO         2777    i.HAL_SPI_TransmitReceive  stm32f4xx_hal_spi.o
    0x08001c9c   0x08001c9c   0x00000058   Code   RO         1398    i.HAL_SRAM_Init     stm32f4xx_hal_sram.o
    0x08001cf4   0x08001cf4   0x0000000a   Code   RO         3861    i.HAL_SRAM_MspInit  stm32f4xx_hal_msp.o
    0x08001cfe   0x08001cfe   0x00000028   Code   RO         2053    i.HAL_SYSTICK_CLKSourceConfig  stm32f4xx_hal_cortex.o
    0x08001d26   0x08001d26   0x00000002   Code   RO         2054    i.HAL_SYSTICK_Callback  stm32f4xx_hal_cortex.o
    0x08001d28   0x08001d28   0x00000034   Code   RO         2055    i.HAL_SYSTICK_Config  stm32f4xx_hal_cortex.o
    0x08001d5c   0x08001d5c   0x00000008   Code   RO         2056    i.HAL_SYSTICK_IRQHandler  stm32f4xx_hal_cortex.o
    0x08001d64   0x08001d64   0x00000002   Code   RO          183    i.HAL_TIMEx_BreakCallback  stm32f4xx_hal_tim_ex.o
    0x08001d66   0x08001d66   0x00000002   Code   RO          184    i.HAL_TIMEx_CommutationCallback  stm32f4xx_hal_tim_ex.o
    0x08001d68   0x08001d68   0x00000062   Code   RO          200    i.HAL_TIMEx_MasterConfigSynchronization  stm32f4xx_hal_tim_ex.o
    0x08001dca   0x08001dca   0x00000034   Code   RO          424    i.HAL_TIM_Base_Init  stm32f4xx_hal_tim.o
    0x08001dfe   0x08001dfe   0x00000002   PAD
    0x08001e00   0x08001e00   0x00000058   Code   RO         3863    i.HAL_TIM_Base_MspInit  stm32f4xx_hal_msp.o
    0x08001e58   0x08001e58   0x0000001e   Code   RO          427    i.HAL_TIM_Base_Start  stm32f4xx_hal_tim.o
    0x08001e76   0x08001e76   0x0000001e   Code   RO          429    i.HAL_TIM_Base_Start_IT  stm32f4xx_hal_tim.o
    0x08001e94   0x08001e94   0x00000132   Code   RO          433    i.HAL_TIM_ConfigClockSource  stm32f4xx_hal_tim.o
    0x08001fc6   0x08001fc6   0x00000002   Code   RO          453    i.HAL_TIM_IC_CaptureCallback  stm32f4xx_hal_tim.o
    0x08001fc8   0x08001fc8   0x00000196   Code   RO          466    i.HAL_TIM_IRQHandler  stm32f4xx_hal_tim.o
    0x0800215e   0x0800215e   0x00000002   Code   RO          469    i.HAL_TIM_OC_DelayElapsedCallback  stm32f4xx_hal_tim.o
    0x08002160   0x08002160   0x00000002   Code   RO          496    i.HAL_TIM_PWM_PulseFinishedCallback  stm32f4xx_hal_tim.o
    0x08002162   0x08002162   0x00000002   Code   RO          503    i.HAL_TIM_PeriodElapsedCallback  stm32f4xx_hal_tim.o
    0x08002164   0x08002164   0x00000002   Code   RO          507    i.HAL_TIM_TriggerCallback  stm32f4xx_hal_tim.o
    0x08002166   0x08002166   0x00000072   Code   RO         1088    i.HAL_UART_Init     stm32f4xx_hal_uart.o
    0x080021d8   0x080021d8   0x0000005c   Code   RO         3865    i.HAL_UART_MspInit  stm32f4xx_hal_msp.o
    0x08002234   0x08002234   0x000000d6   Code   RO         1096    i.HAL_UART_Transmit  stm32f4xx_hal_uart.o
    0x0800230a   0x0800230a   0x00000004   Code   RO         4061    i.HardFault_Handler  stm32f4xx_it.o
    0x0800230e   0x0800230e   0x00000002   PAD
    0x08002310   0x08002310   0x0000000c   Code   RO         4162    i.LCD_Command       ssd1963_fsmc.o
    0x0800231c   0x0800231c   0x0000000c   Code   RO         4163    i.LCD_Data          ssd1963_fsmc.o
    0x08002328   0x08002328   0x00000064   Code   RO         4167    i.LCD_Pixel         ssd1963_fsmc.o
    0x0800238c   0x0800238c   0x00000026   Code   RO         4168    i.LCD_Position      ssd1963_fsmc.o
    0x080023b2   0x080023b2   0x0000003c   Code   RO         4170    i.LCD_Rectangle_Fill  ssd1963_fsmc.o
    0x080023ee   0x080023ee   0x00000026   Code   RO         4173    i.LCD_Set_X         ssd1963_fsmc.o
    0x08002414   0x08002414   0x00000026   Code   RO         4174    i.LCD_Set_Y         ssd1963_fsmc.o
    0x0800243a   0x0800243a   0x000001d4   Code   RO         4176    i.LCD_String_Font   ssd1963_fsmc.o
    0x0800260e   0x0800260e   0x0000002e   Code   RO         4179    i.LCD_Work_Area     ssd1963_fsmc.o
    0x0800263c   0x0800263c   0x00000088   Code   RO         3960    i.MX_FSMC_Init      main.o
    0x080026c4   0x080026c4   0x000001a0   Code   RO         3961    i.MX_GPIO_Init      main.o
    0x08002864   0x08002864   0x00000050   Code   RO         3962    i.MX_I2C1_Init      main.o
    0x080028b4   0x080028b4   0x00000054   Code   RO         3963    i.MX_I2C2_Init      main.o
    0x08002908   0x08002908   0x00000048   Code   RO         3964    i.MX_RTC_Init       main.o
    0x08002950   0x08002950   0x0000005c   Code   RO         3965    i.MX_SPI3_Init      main.o
    0x080029ac   0x080029ac   0x00000084   Code   RO         3966    i.MX_TIM1_Init      main.o
    0x08002a30   0x08002a30   0x0000004c   Code   RO         3967    i.MX_USART1_UART_Init  main.o
    0x08002a7c   0x08002a7c   0x00000004   Code   RO         4062    i.MemManage_Handler  stm32f4xx_it.o
    0x08002a80   0x08002a80   0x00000002   Code   RO         4063    i.NMI_Handler       stm32f4xx_it.o
    0x08002a82   0x08002a82   0x00000002   PAD
    0x08002a84   0x08002a84   0x00000010   Code   RO         2057    i.NVIC_GetPriorityGrouping  stm32f4xx_hal_cortex.o
    0x08002a94   0x08002a94   0x00000028   Code   RO         2058    i.NVIC_SetPriority  stm32f4xx_hal_cortex.o
    0x08002abc   0x08002abc   0x00000002   Code   RO         4064    i.PendSV_Handler    stm32f4xx_it.o
    0x08002abe   0x08002abe   0x0000003e   Code   RO         2369    i.RTC_EnterInitMode  stm32f4xx_hal_rtc.o
    0x08002afc   0x08002afc   0x00000010   Code   RO         4065    i.SPI3_IRQHandler   stm32f4xx_it.o
    0x08002b0c   0x08002b0c   0x00000028   Code   RO         2792    i.SPI_CheckFlag_BSY  stm32f4xx_hal_spi.o
    0x08002b34   0x08002b34   0x00000014   Code   RO         2796    i.SPI_DMAAbortOnError  stm32f4xx_hal_spi.o
    0x08002b48   0x08002b48   0x000000aa   Code   RO         2810    i.SPI_WaitFlagStateUntilTimeout  stm32f4xx_hal_spi.o
    0x08002bf2   0x08002bf2   0x0000001e   Code   RO         4316    i.SSD1963_Bright    ssd1963_fsmc.o
    0x08002c10   0x08002c10   0x00000144   Code   RO         4181    i.SSD1963_Init      ssd1963_fsmc.o
    0x08002d54   0x08002d54   0x000000a0   Code   RO         4182    i.SSD1963_Test      ssd1963_fsmc.o
    0x08002df4   0x08002df4   0x00000002   Code   RO         4066    i.SVC_Handler       stm32f4xx_it.o
    0x08002df6   0x08002df6   0x0000000c   Code   RO         4067    i.SysTick_Handler   stm32f4xx_it.o
    0x08002e02   0x08002e02   0x00000002   PAD
    0x08002e04   0x08002e04   0x00000108   Code   RO         3968    i.SystemClock_Config  main.o
    0x08002f0c   0x08002f0c   0x00000064   Code   RO           14    i.SystemInit        system_stm32f4xx.o
    0x08002f70   0x08002f70   0x00000024   Code   RO         4068    i.TIM1_BRK_TIM9_IRQHandler  stm32f4xx_it.o
    0x08002f94   0x08002f94   0x00000024   Code   RO         4069    i.TIM1_UP_TIM10_IRQHandler  stm32f4xx_it.o
    0x08002fb8   0x08002fb8   0x000000e4   Code   RO          508    i.TIM_Base_SetConfig  stm32f4xx_hal_tim.o
    0x0800309c   0x0800309c   0x00000018   Code   RO          515    i.TIM_ETR_SetConfig  stm32f4xx_hal_tim.o
    0x080030b4   0x080030b4   0x00000014   Code   RO          516    i.TIM_ITRx_SetConfig  stm32f4xx_hal_tim.o
    0x080030c8   0x080030c8   0x0000002a   Code   RO          522    i.TIM_TI1_ConfigInputStage  stm32f4xx_hal_tim.o
    0x080030f2   0x080030f2   0x0000002c   Code   RO          524    i.TIM_TI2_ConfigInputStage  stm32f4xx_hal_tim.o
    0x0800311e   0x0800311e   0x00000002   PAD
    0x08003120   0x08003120   0x00000368   Code   RO         1115    i.UART_SetConfig    stm32f4xx_hal_uart.o
    0x08003488   0x08003488   0x0000006c   Code   RO         1117    i.UART_WaitOnFlagUntilTimeout  stm32f4xx_hal_uart.o
    0x080034f4   0x080034f4   0x00000004   Code   RO         4070    i.UsageFault_Handler  stm32f4xx_it.o
    0x080034f8   0x080034f8   0x00000034   Code   RO         4334    i.XPT2046_Init      xpt2046.o
    0x0800352c   0x0800352c   0x00000004   Code   RO         3969    i._Error_Handler    main.o
    0x08003530   0x08003530   0x00000058   Code   RO         4335    i.getRaw            xpt2046.o
    0x08003588   0x08003588   0x00000020   Code   RO         4336    i.getX              xpt2046.o
    0x080035a8   0x080035a8   0x00000020   Code   RO         4337    i.getY              xpt2046.o
    0x080035c8   0x080035c8   0x0000010c   Code   RO         3970    i.main              main.o
    0x080036d4   0x080036d4   0x00000018   Code   RO         4338    i.map               xpt2046.o
    0x080036ec   0x080036ec   0x0000000a   Code   RO         4848    x$fpl$fpinit        fz_wm.l(fpinit.o)
    0x080036f6   0x080036f6   0x00000018   Data   RO           15    .constdata          system_stm32f4xx.o
    0x0800370e   0x0800370e   0x00004383   Data   RO         4569    .constdata          font_segment_seven_96x144_num.o
    0x08007a91   0x08007a91   0x00000003   PAD
    0x08007a94   0x08007a94   0x00000020   Data   RO         4904    Region$$Table       anon$$obj.o


    Execution Region RW_IRAM1 (Exec base: 0x20000000, Load base: 0x08007ab4, Size: 0x00000c60, Max: 0x00020000, ABSOLUTE)

    Exec Addr    Load Addr    Size         Type   Attr      Idx    E Section Name        Object

    0x20000000   0x08007ab4   0x00000004   Data   RW           16    .data               system_stm32f4xx.o
    0x20000004   0x08007ab8   0x00000009   Data   RW         2204    .data               stm32f4xx_hal.o
    0x2000000d   0x08007ac1   0x00000003   PAD
    0x20000010   0x08007ac4   0x00000008   Data   RW         3866    .data               stm32f4xx_hal_msp.o
    0x20000018   0x08007acc   0x00000010   Data   RW         3972    .data               main.o
    0x20000028        -       0x000001ec   Zero   RW         3971    .bss                main.o
    0x20000214        -       0x000003e8   Zero   RW         4183    .bss                ssd1963_fsmc.o
    0x200005fc        -       0x00000060   Zero   RW         4778    .bss                c_w.l(libspace.o)
    0x2000065c   0x08007adc   0x00000004   PAD
    0x20000660        -       0x00000200   Zero   RW            2    HEAP                startup_stm32f407xx.o
    0x20000860        -       0x00000400   Zero   RW            1    STACK               startup_stm32f407xx.o


==============================================================================

Image component sizes


      Code (inc. data)   RO Data    RW Data    ZI Data      Debug   Object Name

         0          0      17283          0          0        435   font_segment_seven_96x144_num.o
      1644        284          0         16        492       7321   main.o
      1388         58          0          0       1000       9286   ssd1963_fsmc.o
        64         26        392          0       1536        828   startup_stm32f407xx.o
       212         36          0          9          0       4461   stm32f4xx_hal.o
       348         22          0          0          0      32477   stm32f4xx_hal_cortex.o
        40          0          0          0          0       1099   stm32f4xx_hal_dma.o
       552         50          0          0          0       2891   stm32f4xx_hal_gpio.o
       296         10          0          0          0       1879   stm32f4xx_hal_i2c.o
       740         80          0          8          0       5373   stm32f4xx_hal_msp.o
      1924         98          0          0          0       6324   stm32f4xx_hal_rcc.o
       416         20          0          0          0       1376   stm32f4xx_hal_rcc_ex.o
       336          4          0          0          0       2556   stm32f4xx_hal_rtc.o
      1648          4          0          0          0       7617   stm32f4xx_hal_spi.o
        88          0          0          0          0       1172   stm32f4xx_hal_sram.o
      1192         44          0          0          0      10440   stm32f4xx_hal_tim.o
       102          0          0          0          0       2278   stm32f4xx_hal_tim_ex.o
      1308          8          0          0          0       3656   stm32f4xx_hal_uart.o
       134         22          0          0          0       5913   stm32f4xx_it.o
       232         10          0          0          0       2667   stm32f4xx_ll_fsmc.o
       100         18         24          4          0     716735   system_stm32f4xx.o
       228         10          0          0          0       2596   xpt2046.o

    ----------------------------------------------------------------------
     13006        804      17734         40       3028     829380   Object Totals
         0          0         32          0          0          0   (incl. Generated)
        14          0          3          3          0          0   (incl. Padding)

    ----------------------------------------------------------------------

      Code (inc. data)   RO Data    RW Data    ZI Data      Debug   Library Member Name

         8          0          0          0          0         68   __main.o
        40          0          0          0          0         84   __printf_nopercent.o
         0          0          0          0          0          0   __rtentry.o
        12          0          0          0          0          0   __rtentry2.o
         6          0          0          0          0          0   __rtentry4.o
        52          8          0          0          0          0   __scatter.o
        26          0          0          0          0          0   __scatter_copy.o
        28          0          0          0          0          0   __scatter_zi.o
        48          6          0          0          0         96   _printf_char_common.o
        10          0          0          0          0         68   _sputc.o
        18          0          0          0          0         80   exit.o
         6          0          0          0          0        152   heapauxi.o
         0          0          0          0          0          0   indicate_semi.o
         2          0          0          0          0          0   libinit.o
         6          0          0          0          0          0   libinit2.o
         2          0          0          0          0          0   libshutdown.o
         2          0          0          0          0          0   libshutdown2.o
         8          4          0          0         96         68   libspace.o
       238          0          0          0          0        100   lludivv7m.o
        40          6          0          0          0         84   noretval__2sprintf.o
         2          0          0          0          0          0   rtexit.o
        10          0          0          0          0          0   rtexit2.o
        12          4          0          0          0         68   sys_exit.o
        74          0          0          0          0         80   sys_stackheap_outer.o
         2          0          0          0          0         68   use_no_semi.o
        10          0          0          0          0        116   fpinit.o

    ----------------------------------------------------------------------
       672         28          0          0        100       1132   Library Totals
        10          0          0          0          4          0   (incl. Padding)

    ----------------------------------------------------------------------

      Code (inc. data)   RO Data    RW Data    ZI Data      Debug   Library Name

       652         28          0          0         96       1016   c_w.l
        10          0          0          0          0        116   fz_wm.l

    ----------------------------------------------------------------------
       672         28          0          0        100       1132   Library Totals

    ----------------------------------------------------------------------

==============================================================================


      Code (inc. data)   RO Data    RW Data    ZI Data      Debug   

     13678        832      17734         40       3128     819096   Grand Totals
     13678        832      17734         40       3128     819096   ELF Image Totals
     13678        832      17734         40          0          0   ROM Totals

==============================================================================

    Total RO  Size (Code + RO Data)                31412 (  30.68kB)
    Total RW  Size (RW Data + ZI Data)              3168 (   3.09kB)
    Total ROM Size (Code + RO Data + RW Data)      31452 (  30.71kB)

==============================================================================

