<html>
<body>
<pre>
<h1>µVision Build Log</h1>
<h2>Tool Versions:</h2>
IDE-Version: µVision V5.25.0.0
Copyright (C) 2017 ARM Ltd and ARM Germany GmbH. All rights reserved.
License Information:  ,  , LIC=EPPPC-7PNK9-LVK1I-TNN1L-VKYDS-DSBYQ
 
Tool Versions:
Toolchain:       MDK-ARM Professional  Version: 5.25.0.0
Toolchain Path:  C:\Keil_v5\ARM\ARMCC\Bin
C Compiler:      Armcc.exe V5.06 update 6 (build 750)
Assembler:       Armasm.exe V5.06 update 6 (build 750)
Linker/Locator:  ArmLink.exe V5.06 update 6 (build 750)
Library Manager: ArmAr.exe V5.06 update 6 (build 750)
Hex Converter:   FromElf.exe V5.06 update 6 (build 750)
CPU DLL:         SARMCM3.DLL V5.25.0.0
Dialog DLL:      DCM.DLL V1.17.0.0
Target DLL:      STLink\ST-LINKIII-KEIL_SWO.dll V3.0.1.0
Dialog DLL:      TCM.DLL V1.34.0.0
 
<h2>Project:</h2>
C:\GitHub\SSD1963_FSMC\MDK-ARM\SSD1963_FSMC.uvprojx
Project File Date:  02/14/2018

<h2>Output:</h2>
*** Using Compiler 'V5.06 update 6 (build 750)', folder: 'C:\Keil_v5\ARM\ARMCC\Bin'
Build target 'SSD1963_FSMC'
assembling startup_stm32f407xx.s...
compiling stm32f4xx_hal_i2c_ex.c...
compiling system_stm32f4xx.c...
compiling stm32f4xx_hal_tim_ex.c...
compiling stm32f4xx_hal_sram.c...
compiling stm32f4xx_hal_uart.c...
compiling stm32f4xx_hal_tim.c...
compiling stm32f4xx_hal_gpio.c...
compiling stm32f4xx_hal_flash_ex.c...
compiling stm32f4xx_hal_rtc_ex.c...
compiling stm32f4xx_hal_cortex.c...
compiling stm32f4xx_ll_fsmc.c...
compiling stm32f4xx_hal.c...
compiling stm32f4xx_hal_rtc.c...
compiling stm32f4xx_hal_pwr_ex.c...
compiling stm32f4xx_hal_dma_ex.c...
compiling stm32f4xx_hal_rcc_ex.c...
compiling stm32f4xx_hal_flash_ramfunc.c...
compiling stm32f4xx_hal_rcc.c...
compiling stm32f4xx_hal_pwr.c...
compiling stm32f4xx_hal_spi.c...
compiling stm32f4xx_hal_dma.c...
compiling stm32f4xx_hal_flash.c...
compiling stm32f4xx_hal_msp.c...
compiling stm32f4xx_hal_i2c.c...
compiling main.c...
compiling stm32f4xx_it.c...
compiling font_arial_16x16_bold.c...
compiling font_arial_16x16_italic.c...
compiling font_arial_16x16_normal.c...
compiling font_arial_16x24_round.c...
compiling font_arial_32x50_num.c...
compiling ssd1963_fsmc.c...
compiling font_barcode_post_40x20_num.c...
compiling font_battery_24x48.c...
compiling font_calibri_32x48_bold_num.c...
compiling font_default_8x12.c...
compiling font_default_16x16.c...
compiling font_dingbats1_32x24.c...
compiling font_franklingothic_16x16.c...
compiling font_hallfetica_16x16.c...
compiling font_inconsola_24x32.c...
compiling font_matrix_16x22.c...
compiling font_matrix_16x22_slash.c...
compiling font_matrix_24x29_num.c...
compiling font_matrix_32x50_num.c...
compiling font_myke_8x9.c...
compiling font_nadianne_16x16.c...
compiling font_ocr_16x24.c...
compiling font_retro_8x16.c...
compiling font_retro_16x32.c...
compiling font_barcode_rm4scc_16x16.c...
compiling font_segment_eighteen_32x52.c...
compiling font_segment_seven_32x50_num.c...
compiling font_segment_seven_64x100_num.c...
compiling font_segment_seven_96x144_num.c...
compiling font_segment_sixteen_16x24.c...
compiling font_segment_sixteen_24x36.c...
compiling font_segment_sixteen_32x48.c...
compiling font_segment_sixteen_32x50.c...
compiling font_segment_sixteen_40x60.c...
compiling font_segment_sixteen_48x72_num.c...
compiling font_segment_sixteen_64x96_num.c...
compiling font_segment_sixteen_96x144_num.c...
compiling font_sinclair_8x8.c...
compiling font_segment_sixteen_128x192_num.c...
compiling font_sinclair_8x8_inverted.c...
compiling font_sinclair_16x16.c...
compiling font_sinclair_16x16_inverted.c...
compiling font_swiss_16x16.c...
compiling font_symbols_16x32_1.c...
compiling font_symbols_16x16.c...
compiling font_symbols_32x32.c...
compiling font_symbols_16x32_2.c...
compiling font_tiny_8x8.c...
compiling font_ubuntu_24x32.c...
compiling font_ubuntu_24x32_bold.c...
compiling xpt2046.c...
linking...
Program Size: Code=13678 RO-data=17734 RW-data=40 ZI-data=3128  
"SSD1963_FSMC\SSD1963_FSMC.axf" - 0 Error(s), 0 Warning(s).

<h2>Software Packages used:</h2>

Package Vendor: ARM
                http://www.keil.com/pack/ARM.CMSIS.5.2.0.pack
                ARM.CMSIS.5.2.0
                CMSIS (Cortex Microcontroller Software Interface Standard)
   * Component: CORE Version: 5.0.2

Package Vendor: Keil
                http://www.keil.com/pack/Keil.STM32F4xx_DFP.2.11.0.pack
                Keil.STM32F4xx_DFP.2.11.0
                STMicroelectronics STM32F4 Series Device Support, Drivers and Examples

<h2>Collection of Component include folders:</h2>
  .\RTE\_SSD1963_FSMC
  C:\Keil_v5\ARM\PACK\ARM\CMSIS\5.2.0\CMSIS\Include
  C:\Keil_v5\ARM\PACK\Keil\STM32F4xx_DFP\2.11.0\Drivers\CMSIS\Device\ST\STM32F4xx\Include

<h2>Collection of Component Files used:</h2>

   * Component: ARM::CMSIS:CORE:5.0.2
Build Time Elapsed:  00:02:24
</pre>
</body>
</html>
